[
{
    "entityType": "container",
    "entityUrn": "urn:li:container:61a736d4d07d5f4a92b397d1a5563b68",
    "changeType": "UPSERT",
    "aspectName": "containerProperties",
    "aspect": {
        "json": {
            "customProperties": {
                "platform": "mssql",
                "env": "PROD",
                "database": "lineagedb"
            },
            "name": "lineagedb"
        }
    },
    "systemMetadata": {
        "lastObserved": 1615443388097,
        "runId": "mssql-lineage",
        "lastRunId": "no-run-id-provided"
    }
},
{
    "entityType": "container",
    "entityUrn": "urn:li:container:61a736d4d07d5f4a92b397d1a5563b68",
    "changeType": "UPSERT",
    "aspectName": "status",
    "aspect": {
        "json": {
            "removed": false
        }
    },
    "systemMetadata": {
        "lastObserved": 1615443388097,
        "runId": "mssql-lineage",
        "lastRunId": "no-run-id-provided"
    }
},
{
    "entityType": "container",
    "entityUrn": "urn:li:container:61a736d4d07d5f4a92b397d1a5563b68",
    "changeType": "UPSERT",
    "aspectName": "dataPlatformInstance",
    "aspect": {
        "json": {
            "platform": "urn:li:dataPlatform:mssql"
        }
    },
    "systemMetadata": {
        "lastObserved": 1615443388097,
        "runId": "mssql-lineage",
        "lastRunId": "no-run-id-provided"
    }
},
{
    "entityType": "container",
    "entityUrn": "urn:li:container:61a736d4d07d5f4a92b397d1a5563b68",
    "changeType": "UPSERT",
    "aspectName": "subTypes",
    "aspect": {
        "json": {
            "typeNames": [
                "Database"
            ]
        }
    },
    "systemMetadata": {
        "lastObserved": 1615443388097,
        "runId": "mssql-lineage",
        "lastRunId": "no-run-id-provided"
    }
},
{
    "entityType": "container",
    "entityUrn": "urn:li:container:61a736d4d07d5f4a92b397d1a5563b68",
    "changeType": "UPSERT",
    "aspectName": "browsePathsV2",
    "aspect": {
        "json": {
            "path": []
        }
    },
    "systemMetadata": {
        "lastObserved": 1615443388097,
        "runId": "mssql-lineage",
        "lastRunId": "no-run-id-provided"
    }
},
{
    "entityType": "container",
    "entityUrn": "urn:li:container:de83075807345c84d2d6297c3cb3bd4f",
    "changeType": "UPSERT",
    "aspectName": "containerProperties",
    "aspect": {
        "json": {
            "customProperties": {
                "platform": "mssql",
                "env": "PROD",
                "database": "lineagedb",
                "schema": "schema_with_lineage"
            },
            "name": "schema_with_lineage"
        }
    },
    "systemMetadata": {
        "lastObserved": 1615443388097,
        "runId": "mssql-lineage",
        "lastRunId": "no-run-id-provided"
    }
},
{
    "entityType": "container",
    "entityUrn": "urn:li:container:de83075807345c84d2d6297c3cb3bd4f",
    "changeType": "UPSERT",
    "aspectName": "status",
    "aspect": {
        "json": {
            "removed": false
        }
    },
    "systemMetadata": {
        "lastObserved": 1615443388097,
        "runId": "mssql-lineage",
        "lastRunId": "no-run-id-provided"
    }
},
{
    "entityType": "container",
    "entityUrn": "urn:li:container:de83075807345c84d2d6297c3cb3bd4f",
    "changeType": "UPSERT",
    "aspectName": "dataPlatformInstance",
    "aspect": {
        "json": {
            "platform": "urn:li:dataPlatform:mssql"
        }
    },
    "systemMetadata": {
        "lastObserved": 1615443388097,
        "runId": "mssql-lineage",
        "lastRunId": "no-run-id-provided"
    }
},
{
    "entityType": "container",
    "entityUrn": "urn:li:container:de83075807345c84d2d6297c3cb3bd4f",
    "changeType": "UPSERT",
    "aspectName": "subTypes",
    "aspect": {
        "json": {
            "typeNames": [
                "Schema"
            ]
        }
    },
    "systemMetadata": {
        "lastObserved": 1615443388097,
        "runId": "mssql-lineage",
        "lastRunId": "no-run-id-provided"
    }
},
{
    "entityType": "container",
    "entityUrn": "urn:li:container:de83075807345c84d2d6297c3cb3bd4f",
    "changeType": "UPSERT",
    "aspectName": "container",
    "aspect": {
        "json": {
            "container": "urn:li:container:61a736d4d07d5f4a92b397d1a5563b68"
        }
    },
    "systemMetadata": {
        "lastObserved": 1615443388097,
        "runId": "mssql-lineage",
        "lastRunId": "no-run-id-provided"
    }
},
{
    "entityType": "container",
    "entityUrn": "urn:li:container:de83075807345c84d2d6297c3cb3bd4f",
    "changeType": "UPSERT",
    "aspectName": "browsePathsV2",
    "aspect": {
        "json": {
            "path": [
                {
                    "id": "urn:li:container:61a736d4d07d5f4a92b397d1a5563b68",
                    "urn": "urn:li:container:61a736d4d07d5f4a92b397d1a5563b68"
                }
            ]
        }
    },
    "systemMetadata": {
        "lastObserved": 1615443388097,
        "runId": "mssql-lineage",
        "lastRunId": "no-run-id-provided"
    }
},
{
    "entityType": "dataset",
    "entityUrn": "urn:li:dataset:(urn:li:dataPlatform:mssql,LINEAGEDB.schema_with_lineage.table_number_one,PROD)",
    "changeType": "UPSERT",
    "aspectName": "container",
    "aspect": {
        "json": {
            "container": "urn:li:container:de83075807345c84d2d6297c3cb3bd4f"
        }
    },
    "systemMetadata": {
        "lastObserved": 1615443388097,
        "runId": "mssql-lineage",
        "lastRunId": "no-run-id-provided"
    }
},
{
    "proposedSnapshot": {
        "com.linkedin.pegasus2avro.metadata.snapshot.DatasetSnapshot": {
            "urn": "urn:li:dataset:(urn:li:dataPlatform:mssql,LINEAGEDB.schema_with_lineage.table_number_one,PROD)",
            "aspects": [
                {
                    "com.linkedin.pegasus2avro.common.Status": {
                        "removed": false
                    }
                },
                {
                    "com.linkedin.pegasus2avro.dataset.DatasetProperties": {
                        "customProperties": {},
                        "name": "table_number_one",
                        "tags": []
                    }
                },
                {
                    "com.linkedin.pegasus2avro.schema.SchemaMetadata": {
                        "schemaName": "LINEAGEDB.schema_with_lineage.table_number_one",
                        "platform": "urn:li:dataPlatform:mssql",
                        "version": 0,
                        "created": {
                            "time": 0,
                            "actor": "urn:li:corpuser:unknown"
                        },
                        "lastModified": {
                            "time": 0,
                            "actor": "urn:li:corpuser:unknown"
                        },
                        "hash": "",
                        "platformSchema": {
                            "com.linkedin.pegasus2avro.schema.MySqlDDL": {
                                "tableSchema": ""
                            }
                        },
                        "fields": [
                            {
                                "fieldPath": "id",
                                "nullable": true,
                                "type": {
                                    "type": {
                                        "com.linkedin.pegasus2avro.schema.StringType": {}
                                    }
                                },
                                "nativeDataType": "VARCHAR(collation='SQL_Latin1_General_CP1_CI_AS')",
                                "recursive": false,
                                "isPartOfKey": false
                            }
                        ]
                    }
                }
            ]
        }
    },
    "systemMetadata": {
        "lastObserved": 1615443388097,
        "runId": "mssql-lineage",
        "lastRunId": "no-run-id-provided"
    }
},
{
    "entityType": "dataset",
    "entityUrn": "urn:li:dataset:(urn:li:dataPlatform:mssql,LINEAGEDB.schema_with_lineage.table_number_one,PROD)",
    "changeType": "UPSERT",
    "aspectName": "subTypes",
    "aspect": {
        "json": {
            "typeNames": [
                "Table"
            ]
        }
    },
    "systemMetadata": {
        "lastObserved": 1615443388097,
        "runId": "mssql-lineage",
        "lastRunId": "no-run-id-provided"
    }
},
{
    "entityType": "dataset",
    "entityUrn": "urn:li:dataset:(urn:li:dataPlatform:mssql,LINEAGEDB.schema_with_lineage.table_number_one,PROD)",
    "changeType": "UPSERT",
    "aspectName": "browsePathsV2",
    "aspect": {
        "json": {
            "path": [
                {
                    "id": "urn:li:container:61a736d4d07d5f4a92b397d1a5563b68",
                    "urn": "urn:li:container:61a736d4d07d5f4a92b397d1a5563b68"
                },
                {
                    "id": "urn:li:container:de83075807345c84d2d6297c3cb3bd4f",
                    "urn": "urn:li:container:de83075807345c84d2d6297c3cb3bd4f"
                }
            ]
        }
    },
    "systemMetadata": {
        "lastObserved": 1615443388097,
        "runId": "mssql-lineage",
        "lastRunId": "no-run-id-provided"
    }
},
{
    "entityType": "dataset",
    "entityUrn": "urn:li:dataset:(urn:li:dataPlatform:mssql,LINEAGEDB.schema_with_lineage.table_number_three,PROD)",
    "changeType": "UPSERT",
    "aspectName": "container",
    "aspect": {
        "json": {
            "container": "urn:li:container:de83075807345c84d2d6297c3cb3bd4f"
        }
    },
    "systemMetadata": {
        "lastObserved": 1615443388097,
        "runId": "mssql-lineage",
        "lastRunId": "no-run-id-provided"
    }
},
{
    "proposedSnapshot": {
        "com.linkedin.pegasus2avro.metadata.snapshot.DatasetSnapshot": {
            "urn": "urn:li:dataset:(urn:li:dataPlatform:mssql,LINEAGEDB.schema_with_lineage.table_number_three,PROD)",
            "aspects": [
                {
                    "com.linkedin.pegasus2avro.common.Status": {
                        "removed": false
                    }
                },
                {
                    "com.linkedin.pegasus2avro.dataset.DatasetProperties": {
                        "customProperties": {},
                        "name": "table_number_three",
                        "tags": []
                    }
                },
                {
                    "com.linkedin.pegasus2avro.schema.SchemaMetadata": {
                        "schemaName": "LINEAGEDB.schema_with_lineage.table_number_three",
                        "platform": "urn:li:dataPlatform:mssql",
                        "version": 0,
                        "created": {
                            "time": 0,
                            "actor": "urn:li:corpuser:unknown"
                        },
                        "lastModified": {
                            "time": 0,
                            "actor": "urn:li:corpuser:unknown"
                        },
                        "hash": "",
                        "platformSchema": {
                            "com.linkedin.pegasus2avro.schema.MySqlDDL": {
                                "tableSchema": ""
                            }
                        },
                        "fields": [
                            {
                                "fieldPath": "order_number",
                                "nullable": true,
                                "type": {
                                    "type": {
                                        "com.linkedin.pegasus2avro.schema.NumberType": {}
                                    }
                                },
                                "nativeDataType": "INTEGER()",
                                "recursive": false,
                                "isPartOfKey": false
                            },
                            {
                                "fieldPath": "weight",
                                "nullable": true,
                                "type": {
                                    "type": {
                                        "com.linkedin.pegasus2avro.schema.StringType": {}
                                    }
                                },
                                "nativeDataType": "VARCHAR(collation='SQL_Latin1_General_CP1_CI_AS')",
                                "recursive": false,
                                "isPartOfKey": false
                            }
                        ]
                    }
                }
            ]
        }
    },
    "systemMetadata": {
        "lastObserved": 1615443388097,
        "runId": "mssql-lineage",
        "lastRunId": "no-run-id-provided"
    }
},
{
    "entityType": "dataset",
    "entityUrn": "urn:li:dataset:(urn:li:dataPlatform:mssql,LINEAGEDB.schema_with_lineage.table_number_three,PROD)",
    "changeType": "UPSERT",
    "aspectName": "subTypes",
    "aspect": {
        "json": {
            "typeNames": [
                "Table"
            ]
        }
    },
    "systemMetadata": {
        "lastObserved": 1615443388097,
        "runId": "mssql-lineage",
        "lastRunId": "no-run-id-provided"
    }
},
{
    "entityType": "dataset",
    "entityUrn": "urn:li:dataset:(urn:li:dataPlatform:mssql,LINEAGEDB.schema_with_lineage.table_number_three,PROD)",
    "changeType": "UPSERT",
    "aspectName": "browsePathsV2",
    "aspect": {
        "json": {
            "path": [
                {
                    "id": "urn:li:container:61a736d4d07d5f4a92b397d1a5563b68",
                    "urn": "urn:li:container:61a736d4d07d5f4a92b397d1a5563b68"
                },
                {
                    "id": "urn:li:container:de83075807345c84d2d6297c3cb3bd4f",
                    "urn": "urn:li:container:de83075807345c84d2d6297c3cb3bd4f"
                }
            ]
        }
    },
    "systemMetadata": {
        "lastObserved": 1615443388097,
        "runId": "mssql-lineage",
        "lastRunId": "no-run-id-provided"
    }
},
{
    "entityType": "dataset",
    "entityUrn": "urn:li:dataset:(urn:li:dataPlatform:mssql,LINEAGEDB.schema_with_lineage.table_number_two,PROD)",
    "changeType": "UPSERT",
    "aspectName": "container",
    "aspect": {
        "json": {
            "container": "urn:li:container:de83075807345c84d2d6297c3cb3bd4f"
        }
    },
    "systemMetadata": {
        "lastObserved": 1615443388097,
        "runId": "mssql-lineage",
        "lastRunId": "no-run-id-provided"
    }
},
{
    "proposedSnapshot": {
        "com.linkedin.pegasus2avro.metadata.snapshot.DatasetSnapshot": {
            "urn": "urn:li:dataset:(urn:li:dataPlatform:mssql,LINEAGEDB.schema_with_lineage.table_number_two,PROD)",
            "aspects": [
                {
                    "com.linkedin.pegasus2avro.common.Status": {
                        "removed": false
                    }
                },
                {
                    "com.linkedin.pegasus2avro.dataset.DatasetProperties": {
                        "customProperties": {},
                        "name": "table_number_two",
                        "tags": []
                    }
                },
                {
                    "com.linkedin.pegasus2avro.schema.SchemaMetadata": {
                        "schemaName": "LINEAGEDB.schema_with_lineage.table_number_two",
                        "platform": "urn:li:dataPlatform:mssql",
                        "version": 0,
                        "created": {
                            "time": 0,
                            "actor": "urn:li:corpuser:unknown"
                        },
                        "lastModified": {
                            "time": 0,
                            "actor": "urn:li:corpuser:unknown"
                        },
                        "hash": "",
                        "platformSchema": {
                            "com.linkedin.pegasus2avro.schema.MySqlDDL": {
                                "tableSchema": ""
                            }
                        },
                        "fields": [
                            {
                                "fieldPath": "is_updated",
                                "nullable": true,
                                "type": {
                                    "type": {
                                        "com.linkedin.pegasus2avro.schema.BooleanType": {}
                                    }
                                },
                                "nativeDataType": "BIT()",
                                "recursive": false,
                                "isPartOfKey": false
                            }
                        ]
                    }
                }
            ]
        }
    },
    "systemMetadata": {
        "lastObserved": 1615443388097,
        "runId": "mssql-lineage",
        "lastRunId": "no-run-id-provided"
    }
},
{
    "entityType": "dataset",
    "entityUrn": "urn:li:dataset:(urn:li:dataPlatform:mssql,LINEAGEDB.schema_with_lineage.table_number_two,PROD)",
    "changeType": "UPSERT",
    "aspectName": "subTypes",
    "aspect": {
        "json": {
            "typeNames": [
                "Table"
            ]
        }
    },
    "systemMetadata": {
        "lastObserved": 1615443388097,
        "runId": "mssql-lineage",
        "lastRunId": "no-run-id-provided"
    }
},
{
    "entityType": "dataset",
    "entityUrn": "urn:li:dataset:(urn:li:dataPlatform:mssql,LINEAGEDB.schema_with_lineage.table_number_two,PROD)",
    "changeType": "UPSERT",
    "aspectName": "browsePathsV2",
    "aspect": {
        "json": {
            "path": [
                {
                    "id": "urn:li:container:61a736d4d07d5f4a92b397d1a5563b68",
                    "urn": "urn:li:container:61a736d4d07d5f4a92b397d1a5563b68"
                },
                {
                    "id": "urn:li:container:de83075807345c84d2d6297c3cb3bd4f",
                    "urn": "urn:li:container:de83075807345c84d2d6297c3cb3bd4f"
                }
            ]
        }
    },
    "systemMetadata": {
        "lastObserved": 1615443388097,
        "runId": "mssql-lineage",
        "lastRunId": "no-run-id-provided"
    }
},
{
    "entityType": "dataset",
    "entityUrn": "urn:li:dataset:(urn:li:dataPlatform:mssql,LINEAGEDB.schema_with_lineage.view_of_table_number_two,PROD)",
    "changeType": "UPSERT",
    "aspectName": "container",
    "aspect": {
        "json": {
            "container": "urn:li:container:de83075807345c84d2d6297c3cb3bd4f"
        }
    },
    "systemMetadata": {
        "lastObserved": 1615443388097,
        "runId": "mssql-lineage",
        "lastRunId": "no-run-id-provided"
    }
},
{
    "proposedSnapshot": {
        "com.linkedin.pegasus2avro.metadata.snapshot.DatasetSnapshot": {
            "urn": "urn:li:dataset:(urn:li:dataPlatform:mssql,LINEAGEDB.schema_with_lineage.view_of_table_number_two,PROD)",
            "aspects": [
                {
                    "com.linkedin.pegasus2avro.common.Status": {
                        "removed": false
                    }
                },
                {
                    "com.linkedin.pegasus2avro.dataset.DatasetProperties": {
                        "customProperties": {
                            "view_definition": "CREATE VIEW [schema_with_lineage].[view_of_table_number_two] AS SELECT is_updated FROM [schema_with_lineage].[table_number_two];\n",
                            "is_view": "True"
                        },
                        "name": "view_of_table_number_two",
                        "tags": []
                    }
                },
                {
                    "com.linkedin.pegasus2avro.schema.SchemaMetadata": {
                        "schemaName": "LINEAGEDB.schema_with_lineage.view_of_table_number_two",
                        "platform": "urn:li:dataPlatform:mssql",
                        "version": 0,
                        "created": {
                            "time": 0,
                            "actor": "urn:li:corpuser:unknown"
                        },
                        "lastModified": {
                            "time": 0,
                            "actor": "urn:li:corpuser:unknown"
                        },
                        "hash": "",
                        "platformSchema": {
                            "com.linkedin.pegasus2avro.schema.MySqlDDL": {
                                "tableSchema": ""
                            }
                        },
                        "fields": [
                            {
                                "fieldPath": "is_updated",
                                "nullable": true,
                                "type": {
                                    "type": {
                                        "com.linkedin.pegasus2avro.schema.BooleanType": {}
                                    }
                                },
                                "nativeDataType": "BIT()",
                                "recursive": false,
                                "isPartOfKey": false
                            }
                        ]
                    }
                }
            ]
        }
    },
    "systemMetadata": {
        "lastObserved": 1615443388097,
        "runId": "mssql-lineage",
        "lastRunId": "no-run-id-provided"
    }
},
{
    "entityType": "dataset",
    "entityUrn": "urn:li:dataset:(urn:li:dataPlatform:mssql,LINEAGEDB.schema_with_lineage.view_of_table_number_two,PROD)",
    "changeType": "UPSERT",
    "aspectName": "subTypes",
    "aspect": {
        "json": {
            "typeNames": [
                "View"
            ]
        }
    },
    "systemMetadata": {
        "lastObserved": 1615443388097,
        "runId": "mssql-lineage",
        "lastRunId": "no-run-id-provided"
    }
},
{
    "entityType": "dataset",
    "entityUrn": "urn:li:dataset:(urn:li:dataPlatform:mssql,LINEAGEDB.schema_with_lineage.view_of_table_number_two,PROD)",
    "changeType": "UPSERT",
    "aspectName": "viewProperties",
    "aspect": {
        "json": {
            "materialized": false,
            "viewLogic": "CREATE VIEW [schema_with_lineage].[view_of_table_number_two] AS SELECT is_updated FROM [schema_with_lineage].[table_number_two];\n",
            "viewLanguage": "SQL"
        }
    },
    "systemMetadata": {
        "lastObserved": 1615443388097,
        "runId": "mssql-lineage",
        "lastRunId": "no-run-id-provided"
    }
},
{
    "entityType": "dataset",
    "entityUrn": "urn:li:dataset:(urn:li:dataPlatform:mssql,LINEAGEDB.schema_with_lineage.view_of_table_number_two,PROD)",
    "changeType": "UPSERT",
    "aspectName": "upstreamLineage",
    "aspect": {
        "json": {
            "upstreams": [
                {
                    "auditStamp": {
                        "time": 0,
                        "actor": "urn:li:corpuser:unknown"
                    },
                    "dataset": "urn:li:dataset:(urn:li:dataPlatform:mssql,LINEAGEDB.schema_with_lineage.table_number_two,PROD)",
                    "type": "COPY"
                }
            ]
        }
    },
    "systemMetadata": {
        "lastObserved": 1615443388097,
        "runId": "mssql-lineage",
        "lastRunId": "no-run-id-provided"
    }
},
{
    "entityType": "dataset",
    "entityUrn": "urn:li:dataset:(urn:li:dataPlatform:mssql,LINEAGEDB.schema_with_lineage.view_of_table_number_two,PROD)",
    "changeType": "UPSERT",
    "aspectName": "browsePathsV2",
    "aspect": {
        "json": {
            "path": [
                {
                    "id": "urn:li:container:61a736d4d07d5f4a92b397d1a5563b68",
                    "urn": "urn:li:container:61a736d4d07d5f4a92b397d1a5563b68"
                },
                {
                    "id": "urn:li:container:de83075807345c84d2d6297c3cb3bd4f",
                    "urn": "urn:li:container:de83075807345c84d2d6297c3cb3bd4f"
                }
            ]
        }
    },
    "systemMetadata": {
        "lastObserved": 1615443388097,
        "runId": "mssql-lineage",
        "lastRunId": "no-run-id-provided"
    }
},
{
    "entityType": "dataFlow",
    "entityUrn": "urn:li:dataFlow:(mssql,lineagedb.schema_with_lineage.stored_procedures,PROD)",
    "changeType": "UPSERT",
    "aspectName": "dataFlowInfo",
    "aspect": {
        "json": {
            "customProperties": {},
            "externalUrl": "",
            "name": "lineagedb.schema_with_lineage.stored_procedures"
        }
    },
    "systemMetadata": {
        "lastObserved": 1615443388097,
        "runId": "mssql-lineage",
        "lastRunId": "no-run-id-provided"
    }
},
{
    "entityType": "dataJob",
    "entityUrn": "urn:li:dataJob:(urn:li:dataFlow:(mssql,lineagedb.schema_with_lineage.stored_procedures,PROD),procedure_number_one)",
    "changeType": "UPSERT",
    "aspectName": "dataJobInfo",
    "aspect": {
        "json": {
            "customProperties": {
                "code": "CREATE PROCEDURE [schema_with_lineage].[procedure_number_one]\nAS\nBEGIN\n\tDECLARE\n\t\t@t1 VARCHAR(MAX)\n\tSELECT @t1 = [id] FROM [schema_with_lineage].[table_number_one];\nEND;\n",
                "input parameters": "[]",
                "date_created": "2024-08-07 08:27:58.430000",
                "date_modified": "2024-08-07 08:27:58.430000"
            },
            "externalUrl": "",
            "name": "lineagedb.schema_with_lineage.procedure_number_one",
            "type": {
                "string": "MSSQL_STORED_PROCEDURE"
            }
        }
    },
    "systemMetadata": {
        "lastObserved": 1615443388097,
        "runId": "mssql-lineage",
        "lastRunId": "no-run-id-provided"
    }
},
{
    "entityType": "dataJob",
    "entityUrn": "urn:li:dataJob:(urn:li:dataFlow:(mssql,lineagedb.schema_with_lineage.stored_procedures,PROD),procedure_number_one)",
    "changeType": "UPSERT",
    "aspectName": "dataJobInputOutput",
    "aspect": {
        "json": {
            "inputDatasets": [
                "urn:li:dataset:(urn:li:dataPlatform:mssql,lineagedb.schema_with_lineage.table_number_one,PROD)"
            ],
            "outputDatasets": [],
            "inputDatajobs": []
        }
    },
    "systemMetadata": {
        "lastObserved": 1615443388097,
        "runId": "mssql-lineage",
        "lastRunId": "no-run-id-provided"
    }
},
{
    "entityType": "dataJob",
    "entityUrn": "urn:li:dataJob:(urn:li:dataFlow:(mssql,lineagedb.schema_with_lineage.stored_procedures,PROD),procedure_number_two)",
    "changeType": "UPSERT",
    "aspectName": "dataJobInfo",
    "aspect": {
        "json": {
            "customProperties": {
                "code": "CREATE PROCEDURE [schema_with_lineage].[procedure_number_two]\nAS\nBEGIN\n\tDECLARE @t1 INT = 1\n\tUPDATE [schema_with_lineage].[view_of_table_number_two] SET [is_updated] = CASE\n                                                                                  \n WHEN @t1 = 1 THEN 1\n\t\t                                                                           ELSE 0 \n\t\t                                                                       END;\nEND;      \n",
                "input parameters": "[]",
                "date_created": "2024-08-07 08:27:58.433000",
                "date_modified": "2024-08-07 08:27:58.433000"
            },
            "externalUrl": "",
            "name": "lineagedb.schema_with_lineage.procedure_number_two",
            "type": {
                "string": "MSSQL_STORED_PROCEDURE"
            }
        }
    },
    "systemMetadata": {
        "lastObserved": 1615443388097,
        "runId": "mssql-lineage",
        "lastRunId": "no-run-id-provided"
    }
},
{
    "entityType": "dataJob",
    "entityUrn": "urn:li:dataJob:(urn:li:dataFlow:(mssql,lineagedb.schema_with_lineage.stored_procedures,PROD),procedure_number_two)",
    "changeType": "UPSERT",
    "aspectName": "dataJobInputOutput",
    "aspect": {
        "json": {
            "inputDatasets": [],
            "outputDatasets": [
                "urn:li:dataset:(urn:li:dataPlatform:mssql,lineagedb.schema_with_lineage.view_of_table_number_two,PROD)"
            ],
            "inputDatajobs": []
        }
    },
    "systemMetadata": {
        "lastObserved": 1615443388097,
        "runId": "mssql-lineage",
        "lastRunId": "no-run-id-provided"
    }
},
{
    "entityType": "dataJob",
    "entityUrn": "urn:li:dataJob:(urn:li:dataFlow:(mssql,lineagedb.schema_with_lineage.stored_procedures,PROD),procedure_number_three)",
    "changeType": "UPSERT",
    "aspectName": "dataJobInfo",
    "aspect": {
        "json": {
            "customProperties": {
                "code": "CREATE PROCEDURE [schema_with_lineage].[procedure_number_three]\nAS\nBEGIN\n\tIF (SELECT order_number FROM [schema_with_lineage].[table_number_three]) > 10\n\t\tINSERT INTO [schema_with_lineage].[table_number_three]([weight]) VALUES ('high')\n\tELSE\n\t\tINSERT INTO \n[schema_with_lineage].[table_number_three]([weight]) VALUES ('low')\nEND;\n",
                "input parameters": "[]",
                "date_created": "2024-08-07 08:27:58.433000",
                "date_modified": "2024-08-07 08:27:58.433000"
            },
            "externalUrl": "",
            "name": "lineagedb.schema_with_lineage.procedure_number_three",
            "type": {
                "string": "MSSQL_STORED_PROCEDURE"
            }
        }
    },
    "systemMetadata": {
        "lastObserved": 1615443388097,
        "runId": "mssql-lineage",
        "lastRunId": "no-run-id-provided"
    }
},
{
    "entityType": "dataJob",
    "entityUrn": "urn:li:dataJob:(urn:li:dataFlow:(mssql,lineagedb.schema_with_lineage.stored_procedures,PROD),procedure_number_three)",
    "changeType": "UPSERT",
    "aspectName": "dataJobInputOutput",
    "aspect": {
        "json": {
            "inputDatasets": [
                "urn:li:dataset:(urn:li:dataPlatform:mssql,lineagedb.schema_with_lineage.table_number_three,PROD)",
                "urn:li:dataset:(urn:li:dataPlatform:mssql,lineagedb.schema_with_lineage.table_number_three,PROD)"
            ],
            "outputDatasets": [
                "urn:li:dataset:(urn:li:dataPlatform:mssql,lineagedb.schema_with_lineage.table_number_three,PROD)",
                "urn:li:dataset:(urn:li:dataPlatform:mssql,lineagedb.schema_with_lineage.table_number_three,PROD)"
            ],
            "inputDatajobs": []
        }
    },
    "systemMetadata": {
        "lastObserved": 1615443388097,
        "runId": "mssql-lineage",
        "lastRunId": "no-run-id-provided"
    }
},
{
    "entityType": "dataset",
    "entityUrn": "urn:li:dataset:(urn:li:dataPlatform:mssql,LINEAGEDB.schema_with_lineage.view_of_table_number_two,PROD)",
    "changeType": "UPSERT",
    "aspectName": "upstreamLineage",
    "aspect": {
        "json": {
            "upstreams": [
                {
                    "auditStamp": {
                        "time": 0,
                        "actor": "urn:li:corpuser:unknown"
                    },
                    "dataset": "urn:li:dataset:(urn:li:dataPlatform:mssql,LINEAGEDB.schema_with_lineage.table_number_two,PROD)",
                    "type": "VIEW"
                }
            ]
        }
    },
    "systemMetadata": {
        "lastObserved": 1615443388097,
        "runId": "mssql-lineage",
        "lastRunId": "no-run-id-provided"
    }
},
{
    "entityType": "dataFlow",
    "entityUrn": "urn:li:dataFlow:(mssql,lineagedb.schema_with_lineage.stored_procedures,PROD)",
    "changeType": "UPSERT",
    "aspectName": "status",
    "aspect": {
        "json": {
            "removed": false
        }
    },
    "systemMetadata": {
        "lastObserved": 1615443388097,
        "runId": "mssql-lineage",
        "lastRunId": "no-run-id-provided"
    }
},
{
    "entityType": "dataJob",
    "entityUrn": "urn:li:dataJob:(urn:li:dataFlow:(mssql,lineagedb.schema_with_lineage.stored_procedures,PROD),procedure_number_one)",
    "changeType": "UPSERT",
    "aspectName": "status",
    "aspect": {
        "json": {
            "removed": false
        }
    },
    "systemMetadata": {
        "lastObserved": 1615443388097,
        "runId": "mssql-lineage",
        "lastRunId": "no-run-id-provided"
    }
},
{
    "entityType": "dataJob",
    "entityUrn": "urn:li:dataJob:(urn:li:dataFlow:(mssql,lineagedb.schema_with_lineage.stored_procedures,PROD),procedure_number_three)",
    "changeType": "UPSERT",
    "aspectName": "status",
    "aspect": {
        "json": {
            "removed": false
        }
    },
    "systemMetadata": {
        "lastObserved": 1615443388097,
        "runId": "mssql-lineage",
        "lastRunId": "no-run-id-provided"
    }
},
{
    "entityType": "dataJob",
    "entityUrn": "urn:li:dataJob:(urn:li:dataFlow:(mssql,lineagedb.schema_with_lineage.stored_procedures,PROD),procedure_number_two)",
    "changeType": "UPSERT",
    "aspectName": "status",
    "aspect": {
        "json": {
            "removed": false
        }
    },
    "systemMetadata": {
        "lastObserved": 1615443388097,
        "runId": "mssql-lineage",
        "lastRunId": "no-run-id-provided"
    }
}
]