[
{
    "entityType": "dataFlow",
    "entityUrn": "urn:li:dataFlow:(airflow,basic_iolets,prod)",
    "changeType": "UPSERT",
    "aspectName": "dataFlowInfo",
    "aspect": {
        "json": {
            "customProperties": {
                "_access_control": "None",
                "catchup": "False",
                "description": "None",
                "doc_md": "None",
                "fileloc": "'/home/shubham/airflow1/datahub/metadata-ingestion-modules/airflow-plugin/tests/integration/dags/basic_iolets.py'",
                "is_paused_upon_creation": "None",
                "start_date": "DateTime(2023, 1, 1, 0, 0, 0, tzinfo=Timezone('UTC'))",
                "tags": "[]",
                "timezone": "Timezone('UTC')"
            },
            "externalUrl": "http://airflow.example.com/tree?dag_id=basic_iolets",
            "name": "basic_iolets"
        }
    }
},
{
    "entityType": "dataFlow",
    "entityUrn": "urn:li:dataFlow:(airflow,basic_iolets,prod)",
    "changeType": "UPSERT",
    "aspectName": "ownership",
    "aspect": {
        "json": {
            "owners": [
                {
                    "owner": "urn:li:corpuser:airflow",
                    "type": "DEVELOPER",
                    "source": {
                        "type": "SERVICE"
                    }
                }
            ],
            "lastModified": {
                "time": 0,
                "actor": "urn:li:corpuser:airflow"
            }
        }
    }
},
{
    "entityType": "dataFlow",
    "entityUrn": "urn:li:dataFlow:(airflow,basic_iolets,prod)",
    "changeType": "UPSERT",
    "aspectName": "globalTags",
    "aspect": {
        "json": {
            "tags": []
        }
    }
},
{
    "entityType": "dataJob",
    "entityUrn": "urn:li:dataJob:(urn:li:dataFlow:(airflow,basic_iolets,prod),run_data_task)",
    "changeType": "UPSERT",
    "aspectName": "dataJobInfo",
    "aspect": {
        "json": {
            "customProperties": {
                "_task_type": "'BashOperator'",
                "_task_module": "'airflow.operators.bash'",
                "depends_on_past": "False",
                "email": "None",
                "label": "'run_data_task'",
                "execution_timeout": "None",
                "sla": "None",
                "task_id": "'run_data_task'",
                "trigger_rule": "<TriggerRule.ALL_SUCCESS: 'all_success'>",
                "wait_for_downstream": "False",
                "downstream_task_ids": "[]",
                "inlets": "[\"Dataset(platform='snowflake', name='mydb.schema.tableA', env='PROD', platform_instance=None)\", \"Dataset(platform='snowflake', name='mydb.schema.tableB', env='DEV', platform_instance=None)\", \"Dataset(platform='snowflake', name='mydb.schema.tableC', env='PROD', platform_instance='cloud')\", \"Urn(_urn='urn:li:dataset:(urn:li:dataPlatform:snowflake,mydb.schema.tableC,PROD)')\", \"Urn(_urn='urn:li:dataJob:(urn:li:dataFlow:(airflow,test_dag,PROD),test_task)')\"]",
                "outlets": "[\"Dataset(platform='snowflake', name='mydb.schema.tableD', env='PROD', platform_instance=None)\", \"Dataset(platform='snowflake', name='mydb.schema.tableE', env='PROD', platform_instance=None)\"]",
                "openlineage_run_facet_unknownSourceAttribute": "{\"_producer\": \"https://github.com/OpenLineage/OpenLineage/tree/1.2.0/integration/airflow\", \"_schemaURL\": \"https://raw.githubusercontent.com/OpenLineage/OpenLineage/main/spec/OpenLineage.json#/definitions/BaseFacet\", \"unknownItems\": [{\"name\": \"SerializedBaseOperator\", \"properties\": {\"_BaseOperator__from_mapped\": false, \"_BaseOperator__init_kwargs\": {\"task_id\": \"run_data_task\"}, \"_BaseOperator__instantiated\": true, \"_dag\": \"<<non-serializable: SerializedDAG>>\", \"_is_empty\": false, \"_log\": \"<<non-serializable: Logger>>\", \"_operator_name\": \"BashOperator\", \"_task_module\": \"airflow.operators.bash\", \"_task_type\": \"BashOperator\", \"bash_command\": \"echo 'This is where you might run your data tooling.'\", \"depends_on_past\": false, \"do_xcom_push\": true, \"downstream_task_ids\": [], \"email_on_failure\": true, \"email_on_retry\": true, \"executor_config\": {}, \"ignore_first_depends_on_past\": true, \"inlets\": [\"Dataset(platform='snowflake', name='mydb.schema.tableA', env='PROD', platform_instance=None)\", \"Dataset(platform='snowflake', name='mydb.schema.tableB', env='DEV', platform_instance=None)\", \"Dataset(platform='snowflake', name='mydb.schema.tableC', env='PROD', platform_instance='cloud')\", \"Urn(_urn='urn:li:dataset:(urn:li:dataPlatform:snowflake,mydb.schema.tableC,PROD)')\", \"Urn(_urn='urn:li:dataJob:(urn:li:dataFlow:(airflow,test_dag,PROD),test_task)')\"], \"operator_extra_links\": [], \"outlets\": [\"Dataset(platform='snowflake', name='mydb.schema.tableD', env='PROD', platform_instance=None)\", \"Dataset(platform='snowflake', name='mydb.schema.tableE', env='PROD', platform_instance=None)\"], \"owner\": \"airflow\", \"params\": \"<<non-serializable: ParamsDict>>\", \"pool\": \"default_pool\", \"pool_slots\": 1, \"priority_weight\": 1, \"queue\": \"default\", \"retries\": 0, \"retry_delay\": \"<<non-serializable: timedelta>>\", \"retry_exponential_backoff\": false, \"start_date\": \"<<non-serializable: DateTime>>\", \"task_group\": \"<<non-serializable: SerializedTaskGroup>>\", \"task_id\": \"run_data_task\", \"template_ext\": [\".sh\", \".bash\"], \"template_fields\": [\"bash_command\", \"env\"], \"template_fields_renderers\": {\"bash_command\": \"bash\", \"env\": \"json\"}, \"trigger_rule\": \"all_success\", \"ui_color\": \"#f0ede4\", \"ui_fgcolor\": \"#000\", \"upstream_task_ids\": [], \"wait_for_downstream\": false, \"weight_rule\": \"downstream\"}, \"type\": \"operator\"}]}"
            },
            "externalUrl": "http://airflow.example.com/taskinstance/list/?flt1_dag_id_equals=basic_iolets&_flt_3_task_id=run_data_task",
            "name": "run_data_task",
            "type": {
                "string": "COMMAND"
            }
        }
    }
},
{
    "entityType": "dataJob",
    "entityUrn": "urn:li:dataJob:(urn:li:dataFlow:(airflow,basic_iolets,prod),run_data_task)",
    "changeType": "UPSERT",
    "aspectName": "dataJobInputOutput",
    "aspect": {
        "json": {
            "inputDatasets": [],
            "outputDatasets": [],
            "inputDatajobs": [],
            "fineGrainedLineages": []
        }
    }
},
{
    "entityType": "dataJob",
    "entityUrn": "urn:li:dataJob:(urn:li:dataFlow:(airflow,basic_iolets,prod),run_data_task)",
    "changeType": "UPSERT",
    "aspectName": "ownership",
    "aspect": {
        "json": {
            "owners": [
                {
                    "owner": "urn:li:corpuser:airflow",
                    "type": "DEVELOPER",
                    "source": {
                        "type": "SERVICE"
                    }
                }
            ],
            "lastModified": {
                "time": 0,
                "actor": "urn:li:corpuser:airflow"
            }
        }
    }
},
{
    "entityType": "dataJob",
    "entityUrn": "urn:li:dataJob:(urn:li:dataFlow:(airflow,basic_iolets,prod),run_data_task)",
    "changeType": "UPSERT",
    "aspectName": "globalTags",
    "aspect": {
        "json": {
            "tags": []
        }
    }
},
{
    "entityType": "dataProcessInstance",
    "entityUrn": "urn:li:dataProcessInstance:5d666eaf9015a31b3e305e8bc2dba078",
    "changeType": "UPSERT",
    "aspectName": "dataProcessInstanceProperties",
    "aspect": {
        "json": {
            "customProperties": {
                "run_id": "manual_run_test",
                "duration": "None",
                "start_date": "2023-11-09 11:13:13.035881+00:00",
                "end_date": "None",
                "execution_date": "2023-09-27 21:34:38+00:00",
                "try_number": "0",
                "max_tries": "0",
                "external_executor_id": "None",
                "state": "running",
                "operator": "BashOperator",
                "priority_weight": "1",
                "log_url": "http://airflow.example.com/log?execution_date=2023-09-27T21%3A34%3A38%2B00%3A00&task_id=run_data_task&dag_id=basic_iolets&map_index=-1",
                "orchestrator": "airflow",
                "dag_id": "basic_iolets",
                "task_id": "run_data_task"
            },
            "externalUrl": "http://airflow.example.com/log?execution_date=2023-09-27T21%3A34%3A38%2B00%3A00&task_id=run_data_task&dag_id=basic_iolets&map_index=-1",
            "name": "basic_iolets_run_data_task_manual_run_test",
            "type": "BATCH_AD_HOC",
            "created": {
                "time": 1699528393035,
                "actor": "urn:li:corpuser:datahub"
            }
        }
    }
},
{
    "entityType": "dataProcessInstance",
    "entityUrn": "urn:li:dataProcessInstance:5d666eaf9015a31b3e305e8bc2dba078",
    "changeType": "UPSERT",
    "aspectName": "dataProcessInstanceRelationships",
    "aspect": {
        "json": {
            "parentTemplate": "urn:li:dataJob:(urn:li:dataFlow:(airflow,basic_iolets,prod),run_data_task)",
            "upstreamInstances": []
        }
    }
},
{
    "entityType": "dataProcessInstance",
    "entityUrn": "urn:li:dataProcessInstance:5d666eaf9015a31b3e305e8bc2dba078",
    "changeType": "UPSERT",
    "aspectName": "dataProcessInstanceRunEvent",
    "aspect": {
        "json": {
            "timestampMillis": 1699528393035,
            "partitionSpec": {
                "type": "FULL_TABLE",
                "partition": "FULL_TABLE_SNAPSHOT"
            },
            "status": "STARTED",
            "attempt": 1
        }
    }
},
{
    "entityType": "dataJob",
    "entityUrn": "urn:li:dataJob:(urn:li:dataFlow:(airflow,basic_iolets,prod),run_data_task)",
    "changeType": "UPSERT",
    "aspectName": "dataJobInfo",
    "aspect": {
        "json": {
            "customProperties": {
                "_task_type": "'BashOperator'",
                "_task_module": "'airflow.operators.bash'",
                "depends_on_past": "False",
                "email": "None",
                "label": "'run_data_task'",
                "execution_timeout": "None",
                "sla": "None",
                "task_id": "'run_data_task'",
                "trigger_rule": "<TriggerRule.ALL_SUCCESS: 'all_success'>",
                "wait_for_downstream": "False",
                "downstream_task_ids": "[]",
                "inlets": "[\"Dataset(platform='snowflake', name='mydb.schema.tableA', env='PROD', platform_instance=None)\", \"Dataset(platform='snowflake', name='mydb.schema.tableB', env='DEV', platform_instance=None)\", \"Dataset(platform='snowflake', name='mydb.schema.tableC', env='PROD', platform_instance='cloud')\", \"Urn(_urn='urn:li:dataset:(urn:li:dataPlatform:snowflake,mydb.schema.tableC,PROD)')\", \"Urn(_urn='urn:li:dataJob:(urn:li:dataFlow:(airflow,test_dag,PROD),test_task)')\"]",
                "outlets": "[\"Dataset(platform='snowflake', name='mydb.schema.tableD', env='PROD', platform_instance=None)\", \"Dataset(platform='snowflake', name='mydb.schema.tableE', env='PROD', platform_instance=None)\"]",
                "openlineage_run_facet_unknownSourceAttribute": "{\"_producer\": \"https://github.com/OpenLineage/OpenLineage/tree/1.2.0/integration/airflow\", \"_schemaURL\": \"https://raw.githubusercontent.com/OpenLineage/OpenLineage/main/spec/OpenLineage.json#/definitions/BaseFacet\", \"unknownItems\": [{\"name\": \"SerializedBaseOperator\", \"properties\": {\"_BaseOperator__from_mapped\": false, \"_BaseOperator__init_kwargs\": {\"task_id\": \"run_data_task\"}, \"_BaseOperator__instantiated\": true, \"_dag\": \"<<non-serializable: SerializedDAG>>\", \"_is_empty\": false, \"_log\": \"<<non-serializable: Logger>>\", \"_operator_name\": \"BashOperator\", \"_task_module\": \"airflow.operators.bash\", \"_task_type\": \"BashOperator\", \"bash_command\": \"echo 'This is where you might run your data tooling.'\", \"depends_on_past\": false, \"do_xcom_push\": true, \"downstream_task_ids\": [], \"email_on_failure\": true, \"email_on_retry\": true, \"executor_config\": {}, \"ignore_first_depends_on_past\": true, \"inlets\": [\"Dataset(platform='snowflake', name='mydb.schema.tableA', env='PROD', platform_instance=None)\", \"Dataset(platform='snowflake', name='mydb.schema.tableB', env='DEV', platform_instance=None)\", \"Dataset(platform='snowflake', name='mydb.schema.tableC', env='PROD', platform_instance='cloud')\", \"Urn(_urn='urn:li:dataset:(urn:li:dataPlatform:snowflake,mydb.schema.tableC,PROD)')\", \"Urn(_urn='urn:li:dataJob:(urn:li:dataFlow:(airflow,test_dag,PROD),test_task)')\"], \"operator_extra_links\": [], \"outlets\": [\"Dataset(platform='snowflake', name='mydb.schema.tableD', env='PROD', platform_instance=None)\", \"Dataset(platform='snowflake', name='mydb.schema.tableE', env='PROD', platform_instance=None)\"], \"owner\": \"airflow\", \"params\": \"<<non-serializable: ParamsDict>>\", \"pool\": \"default_pool\", \"pool_slots\": 1, \"priority_weight\": 1, \"queue\": \"default\", \"retries\": 0, \"retry_delay\": \"<<non-serializable: timedelta>>\", \"retry_exponential_backoff\": false, \"start_date\": \"<<non-serializable: DateTime>>\", \"task_group\": \"<<non-serializable: SerializedTaskGroup>>\", \"task_id\": \"run_data_task\", \"template_ext\": [\".sh\", \".bash\"], \"template_fields\": [\"bash_command\", \"env\"], \"template_fields_renderers\": {\"bash_command\": \"bash\", \"env\": \"json\"}, \"trigger_rule\": \"all_success\", \"ui_color\": \"#f0ede4\", \"ui_fgcolor\": \"#000\", \"upstream_task_ids\": [], \"wait_for_downstream\": false, \"weight_rule\": \"downstream\"}, \"type\": \"operator\"}]}"
            },
            "externalUrl": "http://airflow.example.com/taskinstance/list/?flt1_dag_id_equals=basic_iolets&_flt_3_task_id=run_data_task",
            "name": "run_data_task",
            "type": {
                "string": "COMMAND"
            }
        }
    }
},
{
    "entityType": "dataJob",
    "entityUrn": "urn:li:dataJob:(urn:li:dataFlow:(airflow,basic_iolets,prod),run_data_task)",
    "changeType": "UPSERT",
    "aspectName": "dataJobInputOutput",
    "aspect": {
        "json": {
            "inputDatasets": [],
            "outputDatasets": [],
            "inputDatajobs": [],
            "fineGrainedLineages": []
        }
    }
},
{
    "entityType": "dataJob",
    "entityUrn": "urn:li:dataJob:(urn:li:dataFlow:(airflow,basic_iolets,prod),run_data_task)",
    "changeType": "UPSERT",
    "aspectName": "ownership",
    "aspect": {
        "json": {
            "owners": [
                {
                    "owner": "urn:li:corpuser:airflow",
                    "type": "DEVELOPER",
                    "source": {
                        "type": "SERVICE"
                    }
                }
            ],
            "lastModified": {
                "time": 0,
                "actor": "urn:li:corpuser:airflow"
            }
        }
    }
},
{
    "entityType": "dataJob",
    "entityUrn": "urn:li:dataJob:(urn:li:dataFlow:(airflow,basic_iolets,prod),run_data_task)",
    "changeType": "UPSERT",
    "aspectName": "globalTags",
    "aspect": {
        "json": {
            "tags": []
        }
    }
},
{
    "entityType": "dataProcessInstance",
    "entityUrn": "urn:li:dataProcessInstance:5d666eaf9015a31b3e305e8bc2dba078",
    "changeType": "UPSERT",
    "aspectName": "dataProcessInstanceRunEvent",
    "aspect": {
        "json": {
            "timestampMillis": 1699528393729,
            "partitionSpec": {
                "type": "FULL_TABLE",
                "partition": "FULL_TABLE_SNAPSHOT"
            },
            "status": "COMPLETE",
            "result": {
                "type": "SUCCESS",
                "nativeResultType": "airflow"
            }
        }
    }
}
]