[
{
    "entityType": "dataFlow",
    "entityUrn": "urn:li:dataFlow:(airflow,dag_to_filter_from_ingestion,prod)",
    "changeType": "UPSERT",
    "aspectName": "dataFlowInfo",
    "aspect": {
        "json": {
            "customProperties": {
                "_access_control": "None",
                "catchup": "False",
                "description": "None",
                "doc_md": "None",
                "fileloc": "<fileloc>",
                "is_paused_upon_creation": "None",
                "start_date": "DateTime(2023, 1, 1, 0, 0, 0, tzinfo=Timezone('UTC'))",
                "tags": "[]",
                "timezone": "Timezone('UTC')"
            },
            "externalUrl": "http://airflow.example.com/tree?dag_id=dag_to_filter_from_ingestion",
            "name": "dag_to_filter_from_ingestion",
            "env": "PROD"
        }
    }
},
{
    "entityType": "dataFlow",
    "entityUrn": "urn:li:dataFlow:(airflow,dag_to_filter_from_ingestion,prod)",
    "changeType": "UPSERT",
    "aspectName": "status",
    "aspect": {
        "json": {
            "removed": false
        }
    }
},
{
    "entityType": "dataFlow",
    "entityUrn": "urn:li:dataFlow:(airflow,dag_to_filter_from_ingestion,prod)",
    "changeType": "UPSERT",
    "aspectName": "ownership",
    "aspect": {
        "json": {
            "owners": [
                {
                    "owner": "urn:li:corpuser:airflow",
                    "type": "DEVELOPER",
                    "source": {
                        "type": "SERVICE"
                    }
                }
            ],
            "ownerTypes": {},
            "lastModified": {
                "time": 0,
                "actor": "urn:li:corpuser:airflow"
            }
        }
    }
},
{
    "entityType": "dataFlow",
    "entityUrn": "urn:li:dataFlow:(airflow,dag_to_filter_from_ingestion,prod)",
    "changeType": "UPSERT",
    "aspectName": "globalTags",
    "aspect": {
        "json": {
            "tags": []
        }
    }
},
{
    "entityType": "dataJob",
    "entityUrn": "urn:li:dataJob:(urn:li:dataFlow:(airflow,dag_to_filter_from_ingestion,prod),task_dag_to_filter_from_ingestion_task_2)",
    "changeType": "UPSERT",
    "aspectName": "dataJobInfo",
    "aspect": {
        "json": {
            "customProperties": {
                "depends_on_past": "False",
                "email": "None",
                "label": "'task_dag_to_filter_from_ingestion_task_2'",
                "execution_timeout": "None",
                "sla": "None",
                "task_id": "'task_dag_to_filter_from_ingestion_task_2'",
                "trigger_rule": "<TriggerRule.ALL_SUCCESS: 'all_success'>",
                "wait_for_downstream": "False",
                "downstream_task_ids": "[]",
                "inlets": "[]",
                "outlets": "[]"
            },
            "externalUrl": "http://airflow.example.com/taskinstance/list/?flt1_dag_id_equals=dag_to_filter_from_ingestion&_flt_3_task_id=task_dag_to_filter_from_ingestion_task_2",
            "name": "task_dag_to_filter_from_ingestion_task_2",
            "type": {
                "string": "COMMAND"
            },
            "env": "PROD"
        }
    }
},
{
    "entityType": "dataJob",
    "entityUrn": "urn:li:dataJob:(urn:li:dataFlow:(airflow,dag_to_filter_from_ingestion,prod),task_dag_to_filter_from_ingestion_task_2)",
    "changeType": "UPSERT",
    "aspectName": "status",
    "aspect": {
        "json": {
            "removed": false
        }
    }
},
{
    "entityType": "dataJob",
    "entityUrn": "urn:li:dataJob:(urn:li:dataFlow:(airflow,dag_to_filter_from_ingestion,prod),task_dag_to_filter_from_ingestion_task_2)",
    "changeType": "UPSERT",
    "aspectName": "dataJobInputOutput",
    "aspect": {
        "json": {
            "inputDatasets": [],
            "outputDatasets": [],
            "inputDatajobs": [
                "urn:li:dataJob:(urn:li:dataFlow:(airflow,dag_to_filter_from_ingestion,prod),task_dag_to_filter_from_ingestion_task_1)"
            ],
            "fineGrainedLineages": []
        }
    }
},
{
    "entityType": "dataJob",
    "entityUrn": "urn:li:dataJob:(urn:li:dataFlow:(airflow,dag_to_filter_from_ingestion,prod),task_dag_to_filter_from_ingestion_task_2)",
    "changeType": "UPSERT",
    "aspectName": "ownership",
    "aspect": {
        "json": {
            "owners": [
                {
                    "owner": "urn:li:corpuser:airflow",
                    "type": "DEVELOPER",
                    "source": {
                        "type": "SERVICE"
                    }
                }
            ],
            "ownerTypes": {},
            "lastModified": {
                "time": 0,
                "actor": "urn:li:corpuser:airflow"
            }
        }
    }
},
{
    "entityType": "dataJob",
    "entityUrn": "urn:li:dataJob:(urn:li:dataFlow:(airflow,dag_to_filter_from_ingestion,prod),task_dag_to_filter_from_ingestion_task_2)",
    "changeType": "UPSERT",
    "aspectName": "globalTags",
    "aspect": {
        "json": {
            "tags": []
        }
    }
},
{
    "entityType": "dataJob",
    "entityUrn": "urn:li:dataJob:(urn:li:dataFlow:(airflow,dag_to_filter_from_ingestion,prod),task_dag_to_filter_from_ingestion_task_2)",
    "changeType": "UPSERT",
    "aspectName": "dataJobInfo",
    "aspect": {
        "json": {
            "customProperties": {
                "depends_on_past": "False",
                "email": "None",
                "label": "'task_dag_to_filter_from_ingestion_task_2'",
                "execution_timeout": "None",
                "sla": "None",
                "task_id": "'task_dag_to_filter_from_ingestion_task_2'",
                "trigger_rule": "<TriggerRule.ALL_SUCCESS: 'all_success'>",
                "wait_for_downstream": "False",
                "downstream_task_ids": "[]",
                "inlets": "[]",
                "outlets": "[]"
            },
            "externalUrl": "http://airflow.example.com/taskinstance/list/?flt1_dag_id_equals=dag_to_filter_from_ingestion&_flt_3_task_id=task_dag_to_filter_from_ingestion_task_2",
            "name": "task_dag_to_filter_from_ingestion_task_2",
            "type": {
                "string": "COMMAND"
            },
            "env": "PROD"
        }
    }
},
{
    "entityType": "dataJob",
    "entityUrn": "urn:li:dataJob:(urn:li:dataFlow:(airflow,dag_to_filter_from_ingestion,prod),task_dag_to_filter_from_ingestion_task_2)",
    "changeType": "UPSERT",
    "aspectName": "status",
    "aspect": {
        "json": {
            "removed": false
        }
    }
},
{
    "entityType": "dataJob",
    "entityUrn": "urn:li:dataJob:(urn:li:dataFlow:(airflow,dag_to_filter_from_ingestion,prod),task_dag_to_filter_from_ingestion_task_2)",
    "changeType": "UPSERT",
    "aspectName": "dataJobInputOutput",
    "aspect": {
        "json": {
            "inputDatasets": [],
            "outputDatasets": [],
            "inputDatajobs": [
                "urn:li:dataJob:(urn:li:dataFlow:(airflow,dag_to_filter_from_ingestion,prod),task_dag_to_filter_from_ingestion_task_1)"
            ],
            "fineGrainedLineages": []
        }
    }
},
{
    "entityType": "dataJob",
    "entityUrn": "urn:li:dataJob:(urn:li:dataFlow:(airflow,dag_to_filter_from_ingestion,prod),task_dag_to_filter_from_ingestion_task_2)",
    "changeType": "UPSERT",
    "aspectName": "ownership",
    "aspect": {
        "json": {
            "owners": [
                {
                    "owner": "urn:li:corpuser:airflow",
                    "type": "DEVELOPER",
                    "source": {
                        "type": "SERVICE"
                    }
                }
            ],
            "ownerTypes": {},
            "lastModified": {
                "time": 0,
                "actor": "urn:li:corpuser:airflow"
            }
        }
    }
},
{
    "entityType": "dataJob",
    "entityUrn": "urn:li:dataJob:(urn:li:dataFlow:(airflow,dag_to_filter_from_ingestion,prod),task_dag_to_filter_from_ingestion_task_2)",
    "changeType": "UPSERT",
    "aspectName": "globalTags",
    "aspect": {
        "json": {
            "tags": []
        }
    }
},
{
    "entityType": "dataProcessInstance",
    "entityUrn": "urn:li:dataProcessInstance:d9d4c9c0c7114d033f2def8f9ac00991",
    "changeType": "UPSERT",
    "aspectName": "dataProcessInstanceProperties",
    "aspect": {
        "json": {
            "customProperties": {
                "run_id": "manual_run_test",
                "duration": "<duration>",
                "start_date": "<start_date>",
                "end_date": "<end_date>",
                "execution_date": "2023-09-27 21:34:38+00:00",
                "try_number": "1",
                "max_tries": "0",
                "external_executor_id": "None",
                "state": "success",
                "operator": "BashOperator",
                "priority_weight": "1",
                "log_url": "http://airflow.example.com/log?execution_date=2023-09-27T21%3A34%3A38%2B00%3A00&task_id=task_dag_to_filter_from_ingestion_task_2&dag_id=dag_to_filter_from_ingestion&map_index=-1",
                "orchestrator": "airflow",
                "dag_id": "dag_to_filter_from_ingestion",
                "task_id": "task_dag_to_filter_from_ingestion_task_2"
            },
            "externalUrl": "http://airflow.example.com/log?execution_date=2023-09-27T21%3A34%3A38%2B00%3A00&task_id=task_dag_to_filter_from_ingestion_task_2&dag_id=dag_to_filter_from_ingestion&map_index=-1",
            "name": "dag_to_filter_from_ingestion_task_dag_to_filter_from_ingestion_task_2_manual_run_test",
            "type": "BATCH_AD_HOC",
            "created": {
                "time": 1728377976166,
                "actor": "urn:li:corpuser:datahub"
            }
        }
    }
},
{
    "entityType": "dataProcessInstance",
    "entityUrn": "urn:li:dataProcessInstance:d9d4c9c0c7114d033f2def8f9ac00991",
    "changeType": "UPSERT",
    "aspectName": "dataProcessInstanceRelationships",
    "aspect": {
        "json": {
            "parentTemplate": "urn:li:dataJob:(urn:li:dataFlow:(airflow,dag_to_filter_from_ingestion,prod),task_dag_to_filter_from_ingestion_task_2)",
            "upstreamInstances": []
        }
    }
},
{
    "entityType": "dataProcessInstance",
    "entityUrn": "urn:li:dataProcessInstance:d9d4c9c0c7114d033f2def8f9ac00991",
    "changeType": "UPSERT",
    "aspectName": "dataProcessInstanceRunEvent",
    "aspect": {
        "json": {
            "timestampMillis": 1728377976166,
            "partitionSpec": {
                "partition": "FULL_TABLE_SNAPSHOT",
                "type": "FULL_TABLE"
            },
            "status": "STARTED",
            "attempt": 2
        }
    }
},
{
    "entityType": "dataProcessInstance",
    "entityUrn": "urn:li:dataProcessInstance:d9d4c9c0c7114d033f2def8f9ac00991",
    "changeType": "UPSERT",
    "aspectName": "dataProcessInstanceRunEvent",
    "aspect": {
        "json": {
            "timestampMillis": 1728377976307,
            "partitionSpec": {
                "partition": "FULL_TABLE_SNAPSHOT",
                "type": "FULL_TABLE"
            },
            "status": "COMPLETE",
            "result": {
                "type": "SUCCESS",
                "nativeResultType": "airflow"
            }
        }
    }
}
]