[
{
    "entityType": "dataFlow",
    "entityUrn": "urn:li:dataFlow:(airflow,snowflake_operator,prod)",
    "changeType": "UPSERT",
    "aspectName": "dataFlowInfo",
    "aspect": {
        "json": {
            "customProperties": {
                "_access_control": "None",
                "catchup": "False",
                "description": "None",
                "doc_md": "None",
                "fileloc": "<fileloc>",
                "is_paused_upon_creation": "None",
                "start_date": "DateTime(2024, 1, 1, 0, 0, 0, tzinfo=Timezone('UTC'))",
                "tags": "[]",
                "timezone": "Timezone('UTC')"
            },
            "externalUrl": "http://airflow.example.com/tree?dag_id=snowflake_operator",
            "name": "snowflake_operator"
        }
    }
},
{
    "entityType": "dataFlow",
    "entityUrn": "urn:li:dataFlow:(airflow,snowflake_operator,prod)",
    "changeType": "UPSERT",
    "aspectName": "ownership",
    "aspect": {
        "json": {
            "owners": [
                {
                    "owner": "urn:li:corpuser:airflow",
                    "type": "DEVELOPER",
                    "source": {
                        "type": "SERVICE"
                    }
                }
            ],
            "ownerTypes": {},
            "lastModified": {
                "time": 0,
                "actor": "urn:li:corpuser:airflow"
            }
        }
    }
},
{
    "entityType": "dataFlow",
    "entityUrn": "urn:li:dataFlow:(airflow,snowflake_operator,prod)",
    "changeType": "UPSERT",
    "aspectName": "globalTags",
    "aspect": {
        "json": {
            "tags": []
        }
    }
},
{
    "entityType": "dataFlow",
    "entityUrn": "urn:li:dataFlow:(airflow,snowflake_operator,prod)",
    "changeType": "UPSERT",
    "aspectName": "browsePathsV2",
    "aspect": {
        "json": {
            "path": [
                {
                    "id": "snowflake_operator"
                }
            ]
        }
    }
}
]