{
    "query_type": "SELECT",
    "in_tables": [
        "urn:li:dataset:(urn:li:dataPlatform:snowflake,my_db.my_schema.my_table,PROD)"
    ],
    "out_tables": [],
    "in_tables_schemas": {
        "urn:li:dataset:(urn:li:dataPlatform:snowflake,my_db.my_schema.my_table,PROD)": [
            "struct_field.field1",
            "id"
        ]
    },
    "column_lineage": [
        {
            "downstream": {
                "table": null,
                "column": "id",
                "column_type": null,
                "native_column_type": null
            },
            "upstreams": [
                {
                    "table": "urn:li:dataset:(urn:li:dataPlatform:snowflake,my_db.my_schema.my_table,PROD)",
                    "column": "id"
                }
            ]
        },
        {
            "downstream": {
                "table": null,
                "column": "id_gt_100",
                "column_type": {
                    "type": {
                        "com.linkedin.pegasus2avro.schema.NumberType": {}
                    }
                },
                "native_column_type": "INT"
            },
            "upstreams": [
                {
                    "table": "urn:li:dataset:(urn:li:dataPlatform:snowflake,my_db.my_schema.my_table,PROD)",
                    "column": "id"
                }
            ]
        },
        {
            "downstream": {
                "table": null,
                "column": "struct_field1",
                "column_type": null,
                "native_column_type": null
            },
            "upstreams": [
                {
                    "table": "urn:li:dataset:(urn:li:dataPlatform:snowflake,my_db.my_schema.my_table,PROD)",
                    "column": "struct_field.field1"
                }
            ]
        }
    ]
}