{
    "query_type": "CREATE",
    "in_tables": [
        "urn:li:dataset:(urn:li:dataPlatform:bigquery,my-proj-1.dataset.table1,PROD)",
        "urn:li:dataset:(urn:li:dataPlatform:bigquery,my-proj-1.dataset.table2,PROD)",
        "urn:li:dataset:(urn:li:dataPlatform:bigquery,my-proj-1.dataset.table3,PROD)"
    ],
    "out_tables": [
        "urn:li:dataset:(urn:li:dataPlatform:bigquery,my-proj-2.dataset.my_view,PROD)"
    ],
    "in_tables_schemas": {
        "urn:li:dataset:(urn:li:dataPlatform:bigquery,my-proj-1.dataset.table1,PROD)": [
            "col1",
            "col2"
        ],
        "urn:li:dataset:(urn:li:dataPlatform:bigquery,my-proj-1.dataset.table2,PROD)": [
            "col3"
        ],
        "urn:li:dataset:(urn:li:dataPlatform:bigquery,my-proj-1.dataset.table3,PROD)": [
            "col5"
        ]
    },
    "column_lineage": [
        {
            "downstream": {
                "table": "urn:li:dataset:(urn:li:dataPlatform:bigquery,my-proj-2.dataset.my_view,PROD)",
                "column": "col5",
                "column_type": {
                    "type": {
                        "com.linkedin.pegasus2avro.schema.StringType": {}
                    }
                },
                "native_column_type": "STRING"
            },
            "upstreams": [
                {
                    "table": "urn:li:dataset:(urn:li:dataPlatform:bigquery,my-proj-1.dataset.table3,PROD)",
                    "column": "col5"
                }
            ]
        },
        {
            "downstream": {
                "table": "urn:li:dataset:(urn:li:dataPlatform:bigquery,my-proj-2.dataset.my_view,PROD)",
                "column": "col1",
                "column_type": {
                    "type": {
                        "com.linkedin.pegasus2avro.schema.StringType": {}
                    }
                },
                "native_column_type": "STRING"
            },
            "upstreams": [
                {
                    "table": "urn:li:dataset:(urn:li:dataPlatform:bigquery,my-proj-1.dataset.table1,PROD)",
                    "column": "col1"
                }
            ]
        },
        {
            "downstream": {
                "table": "urn:li:dataset:(urn:li:dataPlatform:bigquery,my-proj-2.dataset.my_view,PROD)",
                "column": "col2",
                "column_type": {
                    "type": {
                        "com.linkedin.pegasus2avro.schema.StringType": {}
                    }
                },
                "native_column_type": "STRING"
            },
            "upstreams": [
                {
                    "table": "urn:li:dataset:(urn:li:dataPlatform:bigquery,my-proj-1.dataset.table1,PROD)",
                    "column": "col2"
                }
            ]
        },
        {
            "downstream": {
                "table": "urn:li:dataset:(urn:li:dataPlatform:bigquery,my-proj-2.dataset.my_view,PROD)",
                "column": "col3",
                "column_type": {
                    "type": {
                        "com.linkedin.pegasus2avro.schema.StringType": {}
                    }
                },
                "native_column_type": "STRING"
            },
            "upstreams": [
                {
                    "table": "urn:li:dataset:(urn:li:dataPlatform:bigquery,my-proj-1.dataset.table2,PROD)",
                    "column": "col3"
                }
            ]
        }
    ]
}