{
    "query_type": "CREATE",
    "in_tables": [
        "urn:li:dataset:(urn:li:dataPlatform:teradata,myteradata.demo_user.pima_patient_diagnoses,PROD)",
        "urn:li:dataset:(urn:li:dataPlatform:teradata,myteradata.demo_user.pima_patient_features,PROD)"
    ],
    "out_tables": [
        "urn:li:dataset:(urn:li:dataPlatform:teradata,myteradata.demo_user.test_lineage2,PROD)"
    ],
    "column_lineage": [
        {
            "downstream": {
                "table": "urn:li:dataset:(urn:li:dataPlatform:teradata,myteradata.demo_user.test_lineage2,PROD)",
                "column": "PatientId"
            },
            "upstreams": [
                {
                    "table": "urn:li:dataset:(urn:li:dataPlatform:teradata,myteradata.demo_user.pima_patient_diagnoses,PROD)",
                    "column": "PatientId"
                }
            ]
        },
        {
            "downstream": {
                "table": "urn:li:dataset:(urn:li:dataPlatform:teradata,myteradata.demo_user.test_lineage2,PROD)",
                "column": "BMI"
            },
            "upstreams": [
                {
                    "table": "urn:li:dataset:(urn:li:dataPlatform:teradata,myteradata.demo_user.pima_patient_features,PROD)",
                    "column": "BMI"
                }
            ]
        }
    ]
}