{
    "query_type": "SELECT",
    "query_type_props": {},
    "query_fingerprint": "8366187a96f7ed8f29295be984965b9cb2c2aadf629723dc772ea8119f5042c2",
    "in_tables": [
        "urn:li:dataset:(urn:li:dataPlatform:tsql,tbl,PROD)"
    ],
    "out_tables": [],
    "in_tables_schemas": {
        "urn:li:dataset:(urn:li:dataPlatform:tsql,tbl,PROD)": [
            "col3",
            "col1",
            "col2"
        ]
    },
    "column_lineage": [
        {
            "downstream": {
                "table": null,
                "column": "col1",
                "column_type": null,
                "native_column_type": null
            },
            "upstreams": [
                {
                    "table": "urn:li:dataset:(urn:li:dataPlatform:tsql,tbl,PROD)",
                    "column": "col1"
                }
            ]
        },
        {
            "downstream": {
                "table": null,
                "column": "col2",
                "column_type": null,
                "native_column_type": null
            },
            "upstreams": [
                {
                    "table": "urn:li:dataset:(urn:li:dataPlatform:tsql,tbl,PROD)",
                    "column": "col2"
                }
            ]
        },
        {
            "downstream": {
                "table": null,
                "column": "col3",
                "column_type": null,
                "native_column_type": null
            },
            "upstreams": [
                {
                    "table": "urn:li:dataset:(urn:li:dataPlatform:tsql,tbl,PROD)",
                    "column": "col3"
                }
            ]
        },
        {
            "downstream": {
                "table": null,
                "column": "col3",
                "column_type": null,
                "native_column_type": null
            },
            "upstreams": [
                {
                    "table": "urn:li:dataset:(urn:li:dataPlatform:tsql,tbl,PROD)",
                    "column": "col3"
                }
            ]
        }
    ]
}