{
    "query_type": "SELECT",
    "in_tables": [
        "urn:li:dataset:(urn:li:dataPlatform:oracle,table1,PROD)",
        "urn:li:dataset:(urn:li:dataPlatform:oracle,table2,PROD)"
    ],
    "out_tables": [],
    "in_tables_schemas": {
        "urn:li:dataset:(urn:li:dataPlatform:oracle,table1,PROD)": [
            "COL1"
        ],
        "urn:li:dataset:(urn:li:dataPlatform:oracle,table2,PROD)": [
            "COL3"
        ]
    },
    "column_lineage": [
        {
            "downstream": {
                "table": null,
                "column": "COL1",
                "column_type": null,
                "native_column_type": null
            },
            "upstreams": [
                {
                    "table": "urn:li:dataset:(urn:li:dataPlatform:oracle,table1,PROD)",
                    "column": "COL1"
                }
            ]
        },
        {
            "downstream": {
                "table": null,
                "column": "COL3",
                "column_type": null,
                "native_column_type": null
            },
            "upstreams": [
                {
                    "table": "urn:li:dataset:(urn:li:dataPlatform:oracle,table2,PROD)",
                    "column": "COL3"
                }
            ]
        }
    ]
}