{
    "query_type": "SELECT",
    "in_tables": [
        "urn:li:dataset:(urn:li:dataPlatform:bigquery,bq-proj.dataset.table1,PROD)"
    ],
    "out_tables": [],
    "in_tables_schemas": {
        "urn:li:dataset:(urn:li:dataPlatform:bigquery,bq-proj.dataset.table1,PROD)": [
            "col1",
            "col2"
        ]
    },
    "column_lineage": [
        {
            "downstream": {
                "table": null,
                "column": "col1",
                "column_type": {
                    "type": {
                        "com.linkedin.pegasus2avro.schema.StringType": {}
                    }
                },
                "native_column_type": "STRING"
            },
            "upstreams": [
                {
                    "table": "urn:li:dataset:(urn:li:dataPlatform:bigquery,bq-proj.dataset.table1,PROD)",
                    "column": "col1"
                }
            ]
        },
        {
            "downstream": {
                "table": null,
                "column": "col2",
                "column_type": {
                    "type": {
                        "com.linkedin.pegasus2avro.schema.StringType": {}
                    }
                },
                "native_column_type": "STRING"
            },
            "upstreams": [
                {
                    "table": "urn:li:dataset:(urn:li:dataPlatform:bigquery,bq-proj.dataset.table1,PROD)",
                    "column": "col2"
                }
            ]
        }
    ]
}