{
    "query_type": "SELECT",
    "in_tables": [
        "urn:li:dataset:(urn:li:dataPlatform:snowflake,snowflake_sample_data.tpch_sf1.orders,PROD)"
    ],
    "out_tables": [],
    "in_tables_schemas": {
        "urn:li:dataset:(urn:li:dataPlatform:snowflake,snowflake_sample_data.tpch_sf1.orders,PROD)": [
            "is_payment_successful",
            "totalprice"
        ]
    },
    "column_lineage": [
        {
            "downstream": {
                "table": null,
                "column": "total_price_category",
                "column_type": {
                    "type": {
                        "com.linkedin.pegasus2avro.schema.StringType": {}
                    }
                },
                "native_column_type": "VARCHAR"
            },
            "upstreams": [
                {
                    "table": "urn:li:dataset:(urn:li:dataPlatform:snowflake,snowflake_sample_data.tpch_sf1.orders,PROD)",
                    "column": "totalprice"
                }
            ]
        },
        {
            "downstream": {
                "table": null,
                "column": "total_price_success",
                "column_type": {
                    "type": {
                        "com.linkedin.pegasus2avro.schema.NumberType": {}
                    }
                },
                "native_column_type": "FLOAT"
            },
            "upstreams": [
                {
                    "table": "urn:li:dataset:(urn:li:dataPlatform:snowflake,snowflake_sample_data.tpch_sf1.orders,PROD)",
                    "column": "is_payment_successful"
                },
                {
                    "table": "urn:li:dataset:(urn:li:dataPlatform:snowflake,snowflake_sample_data.tpch_sf1.orders,PROD)",
                    "column": "totalprice"
                }
            ]
        }
    ]
}