[
{
    "proposedSnapshot": {
        "com.linkedin.pegasus2avro.metadata.snapshot.DatasetSnapshot": {
            "urn": "urn:li:dataset:(urn:li:dataPlatform:delta-lake,tests/integration/delta_lake/test_data/delta_tables_nested_datatype/table_with_string_and_array_of_struct,UAT)",
            "aspects": [
                {
                    "com.linkedin.pegasus2avro.common.Status": {
                        "removed": false
                    }
                },
                {
                    "com.linkedin.pegasus2avro.dataset.DatasetProperties": {
                        "customProperties": {
                            "partition_columns": "[]",
                            "table_creation_time": "1708329893422",
                            "id": "6f3b01e4-ae1e-415a-979a-34861346809b",
                            "version": "0",
                            "location": "tests/integration/delta_lake/test_data/delta_tables_nested_datatype/table_with_string_and_array_of_struct"
                        },
                        "name": "table_with_string_and_array_of_struct",
                        "tags": []
                    }
                },
                {
                    "com.linkedin.pegasus2avro.schema.SchemaMetadata": {
                        "schemaName": "table_with_string_and_array_of_struct",
                        "platform": "urn:li:dataPlatform:delta-lake",
                        "version": 0,
                        "created": {
                            "time": 0,
                            "actor": "urn:li:corpuser:unknown"
                        },
                        "lastModified": {
                            "time": 0,
                            "actor": "urn:li:corpuser:unknown"
                        },
                        "hash": "",
                        "platformSchema": {
                            "com.linkedin.pegasus2avro.schema.OtherSchema": {
                                "rawSchema": ""
                            }
                        },
                        "fields": [
                            {
                                "fieldPath": "[version=2.0].[type=struct].[type=array].[type=struct].data",
                                "nullable": false,
                                "type": {
                                    "type": {
                                        "com.linkedin.pegasus2avro.schema.ArrayType": {
                                            "nestedType": [
                                                "record"
                                            ]
                                        }
                                    }
                                },
                                "nativeDataType": "array<item:struct<name:string,value:integer>>",
                                "recursive": false,
                                "isPartOfKey": false,
                                "jsonProps": "{\"native_data_type\": \"array<item:struct<name:string,value:integer>>\"}"
                            },
                            {
                                "fieldPath": "[version=2.0].[type=struct].[type=array].[type=struct].data.[type=struct].item",
                                "nullable": false,
                                "type": {
                                    "type": {
                                        "com.linkedin.pegasus2avro.schema.RecordType": {}
                                    }
                                },
                                "nativeDataType": "struct<name:string,value:integer>",
                                "recursive": false,
                                "isPartOfKey": false,
                                "jsonProps": "{\"native_data_type\": \"struct<name:string,value:integer>\"}"
                            },
                            {
                                "fieldPath": "[version=2.0].[type=struct].[type=array].[type=struct].data.[type=struct].item.[type=int].value",
                                "nullable": true,
                                "type": {
                                    "type": {
                                        "com.linkedin.pegasus2avro.schema.NumberType": {}
                                    }
                                },
                                "nativeDataType": "integer",
                                "recursive": false,
                                "isPartOfKey": false,
                                "jsonProps": "{\"native_data_type\": \"integer\", \"_nullable\": true}"
                            },
                            {
                                "fieldPath": "[version=2.0].[type=struct].[type=array].[type=struct].data.[type=struct].item.[type=string].name",
                                "nullable": true,
                                "type": {
                                    "type": {
                                        "com.linkedin.pegasus2avro.schema.StringType": {}
                                    }
                                },
                                "nativeDataType": "string",
                                "recursive": false,
                                "isPartOfKey": false,
                                "jsonProps": "{\"native_data_type\": \"string\", \"_nullable\": true}"
                            },
                            {
                                "fieldPath": "id",
                                "nullable": true,
                                "description": "{}",
                                "type": {
                                    "type": {
                                        "com.linkedin.pegasus2avro.schema.StringType": {}
                                    }
                                },
                                "nativeDataType": "string",
                                "recursive": false,
                                "isPartOfKey": false,
                                "isPartitioningKey": false
                            }
                        ]
                    }
                }
            ]
        }
    },
    "systemMetadata": {
        "lastObserved": 1615443388097,
        "runId": "table_with_string_and_array_of_struct.json",
        "lastRunId": "no-run-id-provided"
    }
},
{
    "entityType": "container",
    "entityUrn": "urn:li:container:bdfaaacd66870755e65612e0b88dd4bf",
    "changeType": "UPSERT",
    "aspectName": "containerProperties",
    "aspect": {
        "json": {
            "customProperties": {
                "platform": "delta-lake",
                "env": "UAT",
                "folder_abs_path": "tests"
            },
            "name": "tests"
        }
    },
    "systemMetadata": {
        "lastObserved": 1615443388097,
        "runId": "table_with_string_and_array_of_struct.json",
        "lastRunId": "no-run-id-provided"
    }
},
{
    "entityType": "container",
    "entityUrn": "urn:li:container:bdfaaacd66870755e65612e0b88dd4bf",
    "changeType": "UPSERT",
    "aspectName": "status",
    "aspect": {
        "json": {
            "removed": false
        }
    },
    "systemMetadata": {
        "lastObserved": 1615443388097,
        "runId": "table_with_string_and_array_of_struct.json",
        "lastRunId": "no-run-id-provided"
    }
},
{
    "entityType": "container",
    "entityUrn": "urn:li:container:bdfaaacd66870755e65612e0b88dd4bf",
    "changeType": "UPSERT",
    "aspectName": "dataPlatformInstance",
    "aspect": {
        "json": {
            "platform": "urn:li:dataPlatform:delta-lake"
        }
    },
    "systemMetadata": {
        "lastObserved": 1615443388097,
        "runId": "table_with_string_and_array_of_struct.json",
        "lastRunId": "no-run-id-provided"
    }
},
{
    "entityType": "container",
    "entityUrn": "urn:li:container:bdfaaacd66870755e65612e0b88dd4bf",
    "changeType": "UPSERT",
    "aspectName": "subTypes",
    "aspect": {
        "json": {
            "typeNames": [
                "Folder"
            ]
        }
    },
    "systemMetadata": {
        "lastObserved": 1615443388097,
        "runId": "table_with_string_and_array_of_struct.json",
        "lastRunId": "no-run-id-provided"
    }
},
{
    "entityType": "container",
    "entityUrn": "urn:li:container:bdfaaacd66870755e65612e0b88dd4bf",
    "changeType": "UPSERT",
    "aspectName": "browsePathsV2",
    "aspect": {
        "json": {
            "path": []
        }
    },
    "systemMetadata": {
        "lastObserved": 1615443388097,
        "runId": "table_with_string_and_array_of_struct.json",
        "lastRunId": "no-run-id-provided"
    }
},
{
    "entityType": "container",
    "entityUrn": "urn:li:container:974a39dc631803eddedc699cc9bb9759",
    "changeType": "UPSERT",
    "aspectName": "containerProperties",
    "aspect": {
        "json": {
            "customProperties": {
                "platform": "delta-lake",
                "env": "UAT",
                "folder_abs_path": "tests/integration"
            },
            "name": "integration"
        }
    },
    "systemMetadata": {
        "lastObserved": 1615443388097,
        "runId": "table_with_string_and_array_of_struct.json",
        "lastRunId": "no-run-id-provided"
    }
},
{
    "entityType": "container",
    "entityUrn": "urn:li:container:974a39dc631803eddedc699cc9bb9759",
    "changeType": "UPSERT",
    "aspectName": "status",
    "aspect": {
        "json": {
            "removed": false
        }
    },
    "systemMetadata": {
        "lastObserved": 1615443388097,
        "runId": "table_with_string_and_array_of_struct.json",
        "lastRunId": "no-run-id-provided"
    }
},
{
    "entityType": "container",
    "entityUrn": "urn:li:container:974a39dc631803eddedc699cc9bb9759",
    "changeType": "UPSERT",
    "aspectName": "dataPlatformInstance",
    "aspect": {
        "json": {
            "platform": "urn:li:dataPlatform:delta-lake"
        }
    },
    "systemMetadata": {
        "lastObserved": 1615443388097,
        "runId": "table_with_string_and_array_of_struct.json",
        "lastRunId": "no-run-id-provided"
    }
},
{
    "entityType": "container",
    "entityUrn": "urn:li:container:974a39dc631803eddedc699cc9bb9759",
    "changeType": "UPSERT",
    "aspectName": "subTypes",
    "aspect": {
        "json": {
            "typeNames": [
                "Folder"
            ]
        }
    },
    "systemMetadata": {
        "lastObserved": 1615443388097,
        "runId": "table_with_string_and_array_of_struct.json",
        "lastRunId": "no-run-id-provided"
    }
},
{
    "entityType": "container",
    "entityUrn": "urn:li:container:974a39dc631803eddedc699cc9bb9759",
    "changeType": "UPSERT",
    "aspectName": "container",
    "aspect": {
        "json": {
            "container": "urn:li:container:bdfaaacd66870755e65612e0b88dd4bf"
        }
    },
    "systemMetadata": {
        "lastObserved": 1615443388097,
        "runId": "table_with_string_and_array_of_struct.json",
        "lastRunId": "no-run-id-provided"
    }
},
{
    "entityType": "container",
    "entityUrn": "urn:li:container:974a39dc631803eddedc699cc9bb9759",
    "changeType": "UPSERT",
    "aspectName": "browsePathsV2",
    "aspect": {
        "json": {
            "path": [
                {
                    "id": "urn:li:container:bdfaaacd66870755e65612e0b88dd4bf",
                    "urn": "urn:li:container:bdfaaacd66870755e65612e0b88dd4bf"
                }
            ]
        }
    },
    "systemMetadata": {
        "lastObserved": 1615443388097,
        "runId": "table_with_string_and_array_of_struct.json",
        "lastRunId": "no-run-id-provided"
    }
},
{
    "entityType": "container",
    "entityUrn": "urn:li:container:dae543a1ed7ecfea4079a971dc7805a6",
    "changeType": "UPSERT",
    "aspectName": "containerProperties",
    "aspect": {
        "json": {
            "customProperties": {
                "platform": "delta-lake",
                "env": "UAT",
                "folder_abs_path": "tests/integration/delta_lake"
            },
            "name": "delta_lake"
        }
    },
    "systemMetadata": {
        "lastObserved": 1615443388097,
        "runId": "table_with_string_and_array_of_struct.json",
        "lastRunId": "no-run-id-provided"
    }
},
{
    "entityType": "container",
    "entityUrn": "urn:li:container:dae543a1ed7ecfea4079a971dc7805a6",
    "changeType": "UPSERT",
    "aspectName": "status",
    "aspect": {
        "json": {
            "removed": false
        }
    },
    "systemMetadata": {
        "lastObserved": 1615443388097,
        "runId": "table_with_string_and_array_of_struct.json",
        "lastRunId": "no-run-id-provided"
    }
},
{
    "entityType": "container",
    "entityUrn": "urn:li:container:dae543a1ed7ecfea4079a971dc7805a6",
    "changeType": "UPSERT",
    "aspectName": "dataPlatformInstance",
    "aspect": {
        "json": {
            "platform": "urn:li:dataPlatform:delta-lake"
        }
    },
    "systemMetadata": {
        "lastObserved": 1615443388097,
        "runId": "table_with_string_and_array_of_struct.json",
        "lastRunId": "no-run-id-provided"
    }
},
{
    "entityType": "container",
    "entityUrn": "urn:li:container:dae543a1ed7ecfea4079a971dc7805a6",
    "changeType": "UPSERT",
    "aspectName": "subTypes",
    "aspect": {
        "json": {
            "typeNames": [
                "Folder"
            ]
        }
    },
    "systemMetadata": {
        "lastObserved": 1615443388097,
        "runId": "table_with_string_and_array_of_struct.json",
        "lastRunId": "no-run-id-provided"
    }
},
{
    "entityType": "container",
    "entityUrn": "urn:li:container:dae543a1ed7ecfea4079a971dc7805a6",
    "changeType": "UPSERT",
    "aspectName": "container",
    "aspect": {
        "json": {
            "container": "urn:li:container:974a39dc631803eddedc699cc9bb9759"
        }
    },
    "systemMetadata": {
        "lastObserved": 1615443388097,
        "runId": "table_with_string_and_array_of_struct.json",
        "lastRunId": "no-run-id-provided"
    }
},
{
    "entityType": "container",
    "entityUrn": "urn:li:container:dae543a1ed7ecfea4079a971dc7805a6",
    "changeType": "UPSERT",
    "aspectName": "browsePathsV2",
    "aspect": {
        "json": {
            "path": [
                {
                    "id": "urn:li:container:bdfaaacd66870755e65612e0b88dd4bf",
                    "urn": "urn:li:container:bdfaaacd66870755e65612e0b88dd4bf"
                },
                {
                    "id": "urn:li:container:974a39dc631803eddedc699cc9bb9759",
                    "urn": "urn:li:container:974a39dc631803eddedc699cc9bb9759"
                }
            ]
        }
    },
    "systemMetadata": {
        "lastObserved": 1615443388097,
        "runId": "table_with_string_and_array_of_struct.json",
        "lastRunId": "no-run-id-provided"
    }
},
{
    "entityType": "container",
    "entityUrn": "urn:li:container:ee050cda8eca59687021c24cbc0bb8a4",
    "changeType": "UPSERT",
    "aspectName": "containerProperties",
    "aspect": {
        "json": {
            "customProperties": {
                "platform": "delta-lake",
                "env": "UAT",
                "folder_abs_path": "tests/integration/delta_lake/test_data"
            },
            "name": "test_data"
        }
    },
    "systemMetadata": {
        "lastObserved": 1615443388097,
        "runId": "table_with_string_and_array_of_struct.json",
        "lastRunId": "no-run-id-provided"
    }
},
{
    "entityType": "container",
    "entityUrn": "urn:li:container:ee050cda8eca59687021c24cbc0bb8a4",
    "changeType": "UPSERT",
    "aspectName": "status",
    "aspect": {
        "json": {
            "removed": false
        }
    },
    "systemMetadata": {
        "lastObserved": 1615443388097,
        "runId": "table_with_string_and_array_of_struct.json",
        "lastRunId": "no-run-id-provided"
    }
},
{
    "entityType": "container",
    "entityUrn": "urn:li:container:ee050cda8eca59687021c24cbc0bb8a4",
    "changeType": "UPSERT",
    "aspectName": "dataPlatformInstance",
    "aspect": {
        "json": {
            "platform": "urn:li:dataPlatform:delta-lake"
        }
    },
    "systemMetadata": {
        "lastObserved": 1615443388097,
        "runId": "table_with_string_and_array_of_struct.json",
        "lastRunId": "no-run-id-provided"
    }
},
{
    "entityType": "container",
    "entityUrn": "urn:li:container:ee050cda8eca59687021c24cbc0bb8a4",
    "changeType": "UPSERT",
    "aspectName": "subTypes",
    "aspect": {
        "json": {
            "typeNames": [
                "Folder"
            ]
        }
    },
    "systemMetadata": {
        "lastObserved": 1615443388097,
        "runId": "table_with_string_and_array_of_struct.json",
        "lastRunId": "no-run-id-provided"
    }
},
{
    "entityType": "container",
    "entityUrn": "urn:li:container:ee050cda8eca59687021c24cbc0bb8a4",
    "changeType": "UPSERT",
    "aspectName": "container",
    "aspect": {
        "json": {
            "container": "urn:li:container:dae543a1ed7ecfea4079a971dc7805a6"
        }
    },
    "systemMetadata": {
        "lastObserved": 1615443388097,
        "runId": "table_with_string_and_array_of_struct.json",
        "lastRunId": "no-run-id-provided"
    }
},
{
    "entityType": "container",
    "entityUrn": "urn:li:container:ee050cda8eca59687021c24cbc0bb8a4",
    "changeType": "UPSERT",
    "aspectName": "browsePathsV2",
    "aspect": {
        "json": {
            "path": [
                {
                    "id": "urn:li:container:bdfaaacd66870755e65612e0b88dd4bf",
                    "urn": "urn:li:container:bdfaaacd66870755e65612e0b88dd4bf"
                },
                {
                    "id": "urn:li:container:974a39dc631803eddedc699cc9bb9759",
                    "urn": "urn:li:container:974a39dc631803eddedc699cc9bb9759"
                },
                {
                    "id": "urn:li:container:dae543a1ed7ecfea4079a971dc7805a6",
                    "urn": "urn:li:container:dae543a1ed7ecfea4079a971dc7805a6"
                }
            ]
        }
    },
    "systemMetadata": {
        "lastObserved": 1615443388097,
        "runId": "table_with_string_and_array_of_struct.json",
        "lastRunId": "no-run-id-provided"
    }
},
{
    "entityType": "container",
    "entityUrn": "urn:li:container:1b996eaf75c86d26be0ff469b332e89b",
    "changeType": "UPSERT",
    "aspectName": "containerProperties",
    "aspect": {
        "json": {
            "customProperties": {
                "platform": "delta-lake",
                "env": "UAT",
                "folder_abs_path": "tests/integration/delta_lake/test_data/delta_tables_nested_datatype"
            },
            "name": "delta_tables_nested_datatype"
        }
    },
    "systemMetadata": {
        "lastObserved": 1615443388097,
        "runId": "table_with_string_and_array_of_struct.json",
        "lastRunId": "no-run-id-provided"
    }
},
{
    "entityType": "container",
    "entityUrn": "urn:li:container:1b996eaf75c86d26be0ff469b332e89b",
    "changeType": "UPSERT",
    "aspectName": "status",
    "aspect": {
        "json": {
            "removed": false
        }
    },
    "systemMetadata": {
        "lastObserved": 1615443388097,
        "runId": "table_with_string_and_array_of_struct.json",
        "lastRunId": "no-run-id-provided"
    }
},
{
    "entityType": "container",
    "entityUrn": "urn:li:container:1b996eaf75c86d26be0ff469b332e89b",
    "changeType": "UPSERT",
    "aspectName": "dataPlatformInstance",
    "aspect": {
        "json": {
            "platform": "urn:li:dataPlatform:delta-lake"
        }
    },
    "systemMetadata": {
        "lastObserved": 1615443388097,
        "runId": "table_with_string_and_array_of_struct.json",
        "lastRunId": "no-run-id-provided"
    }
},
{
    "entityType": "container",
    "entityUrn": "urn:li:container:1b996eaf75c86d26be0ff469b332e89b",
    "changeType": "UPSERT",
    "aspectName": "subTypes",
    "aspect": {
        "json": {
            "typeNames": [
                "Folder"
            ]
        }
    },
    "systemMetadata": {
        "lastObserved": 1615443388097,
        "runId": "table_with_string_and_array_of_struct.json",
        "lastRunId": "no-run-id-provided"
    }
},
{
    "entityType": "container",
    "entityUrn": "urn:li:container:1b996eaf75c86d26be0ff469b332e89b",
    "changeType": "UPSERT",
    "aspectName": "container",
    "aspect": {
        "json": {
            "container": "urn:li:container:ee050cda8eca59687021c24cbc0bb8a4"
        }
    },
    "systemMetadata": {
        "lastObserved": 1615443388097,
        "runId": "table_with_string_and_array_of_struct.json",
        "lastRunId": "no-run-id-provided"
    }
},
{
    "entityType": "container",
    "entityUrn": "urn:li:container:1b996eaf75c86d26be0ff469b332e89b",
    "changeType": "UPSERT",
    "aspectName": "browsePathsV2",
    "aspect": {
        "json": {
            "path": [
                {
                    "id": "urn:li:container:bdfaaacd66870755e65612e0b88dd4bf",
                    "urn": "urn:li:container:bdfaaacd66870755e65612e0b88dd4bf"
                },
                {
                    "id": "urn:li:container:974a39dc631803eddedc699cc9bb9759",
                    "urn": "urn:li:container:974a39dc631803eddedc699cc9bb9759"
                },
                {
                    "id": "urn:li:container:dae543a1ed7ecfea4079a971dc7805a6",
                    "urn": "urn:li:container:dae543a1ed7ecfea4079a971dc7805a6"
                },
                {
                    "id": "urn:li:container:ee050cda8eca59687021c24cbc0bb8a4",
                    "urn": "urn:li:container:ee050cda8eca59687021c24cbc0bb8a4"
                }
            ]
        }
    },
    "systemMetadata": {
        "lastObserved": 1615443388097,
        "runId": "table_with_string_and_array_of_struct.json",
        "lastRunId": "no-run-id-provided"
    }
},
{
    "entityType": "dataset",
    "entityUrn": "urn:li:dataset:(urn:li:dataPlatform:delta-lake,tests/integration/delta_lake/test_data/delta_tables_nested_datatype/table_with_string_and_array_of_struct,UAT)",
    "changeType": "UPSERT",
    "aspectName": "container",
    "aspect": {
        "json": {
            "container": "urn:li:container:1b996eaf75c86d26be0ff469b332e89b"
        }
    },
    "systemMetadata": {
        "lastObserved": 1615443388097,
        "runId": "table_with_string_and_array_of_struct.json",
        "lastRunId": "no-run-id-provided"
    }
},
{
    "entityType": "dataset",
    "entityUrn": "urn:li:dataset:(urn:li:dataPlatform:delta-lake,tests/integration/delta_lake/test_data/delta_tables_nested_datatype/table_with_string_and_array_of_struct,UAT)",
    "changeType": "UPSERT",
    "aspectName": "operation",
    "aspect": {
        "json": {
            "timestampMillis": 1615443388097,
            "partitionSpec": {
                "type": "FULL_TABLE",
                "partition": "FULL_TABLE_SNAPSHOT"
            },
            "operationType": "CUSTOM",
            "customOperationType": "WRITE",
            "customProperties": {
                "engineInfo": "Apache-Spark/3.5.0 Delta-Lake/3.1.0",
                "isBlindAppend": "False",
                "isolationLevel": "Serializable",
                "operationMetrics_numFiles": "3",
                "operationMetrics_numOutputBytes": "2943",
                "operationMetrics_numOutputRows": "2",
                "operationParameters_mode": "Overwrite",
                "operationParameters_partitionBy": "[]",
                "txnId": "dd7ddb85-1b3a-4f18-bd8f-1466adfe66b0",
                "version": "0"
            },
            "lastUpdatedTimestamp": 1708329897384
        }
    },
    "systemMetadata": {
        "lastObserved": 1615443388097,
        "runId": "table_with_string_and_array_of_struct.json",
        "lastRunId": "no-run-id-provided"
    }
},
{
    "entityType": "dataset",
    "entityUrn": "urn:li:dataset:(urn:li:dataPlatform:delta-lake,tests/integration/delta_lake/test_data/delta_tables_nested_datatype/table_with_string_and_array_of_struct,UAT)",
    "changeType": "UPSERT",
    "aspectName": "browsePathsV2",
    "aspect": {
        "json": {
            "path": [
                {
                    "id": "urn:li:container:bdfaaacd66870755e65612e0b88dd4bf",
                    "urn": "urn:li:container:bdfaaacd66870755e65612e0b88dd4bf"
                },
                {
                    "id": "urn:li:container:974a39dc631803eddedc699cc9bb9759",
                    "urn": "urn:li:container:974a39dc631803eddedc699cc9bb9759"
                },
                {
                    "id": "urn:li:container:dae543a1ed7ecfea4079a971dc7805a6",
                    "urn": "urn:li:container:dae543a1ed7ecfea4079a971dc7805a6"
                },
                {
                    "id": "urn:li:container:ee050cda8eca59687021c24cbc0bb8a4",
                    "urn": "urn:li:container:ee050cda8eca59687021c24cbc0bb8a4"
                },
                {
                    "id": "urn:li:container:1b996eaf75c86d26be0ff469b332e89b",
                    "urn": "urn:li:container:1b996eaf75c86d26be0ff469b332e89b"
                }
            ]
        }
    },
    "systemMetadata": {
        "lastObserved": 1615443388097,
        "runId": "table_with_string_and_array_of_struct.json",
        "lastRunId": "no-run-id-provided"
    }
},
{
    "entityType": "container",
    "entityUrn": "urn:li:container:bdfaaacd66870755e65612e0b88dd4bf",
    "changeType": "UPSERT",
    "aspectName": "browsePathsV2",
    "aspect": {
        "json": {
            "path": []
        }
    },
    "systemMetadata": {
        "lastObserved": 1615443388097,
        "runId": "table_with_string_and_array_of_struct.json",
        "lastRunId": "no-run-id-provided"
    }
},
{
    "entityType": "container",
    "entityUrn": "urn:li:container:974a39dc631803eddedc699cc9bb9759",
    "changeType": "UPSERT",
    "aspectName": "browsePathsV2",
    "aspect": {
        "json": {
            "path": [
                {
                    "id": "urn:li:container:bdfaaacd66870755e65612e0b88dd4bf",
                    "urn": "urn:li:container:bdfaaacd66870755e65612e0b88dd4bf"
                }
            ]
        }
    },
    "systemMetadata": {
        "lastObserved": 1615443388097,
        "runId": "table_with_string_and_array_of_struct.json",
        "lastRunId": "no-run-id-provided"
    }
},
{
    "entityType": "container",
    "entityUrn": "urn:li:container:dae543a1ed7ecfea4079a971dc7805a6",
    "changeType": "UPSERT",
    "aspectName": "browsePathsV2",
    "aspect": {
        "json": {
            "path": [
                {
                    "id": "urn:li:container:bdfaaacd66870755e65612e0b88dd4bf",
                    "urn": "urn:li:container:bdfaaacd66870755e65612e0b88dd4bf"
                },
                {
                    "id": "urn:li:container:974a39dc631803eddedc699cc9bb9759",
                    "urn": "urn:li:container:974a39dc631803eddedc699cc9bb9759"
                }
            ]
        }
    },
    "systemMetadata": {
        "lastObserved": 1615443388097,
        "runId": "table_with_string_and_array_of_struct.json",
        "lastRunId": "no-run-id-provided"
    }
},
{
    "entityType": "container",
    "entityUrn": "urn:li:container:ee050cda8eca59687021c24cbc0bb8a4",
    "changeType": "UPSERT",
    "aspectName": "browsePathsV2",
    "aspect": {
        "json": {
            "path": [
                {
                    "id": "urn:li:container:bdfaaacd66870755e65612e0b88dd4bf",
                    "urn": "urn:li:container:bdfaaacd66870755e65612e0b88dd4bf"
                },
                {
                    "id": "urn:li:container:974a39dc631803eddedc699cc9bb9759",
                    "urn": "urn:li:container:974a39dc631803eddedc699cc9bb9759"
                },
                {
                    "id": "urn:li:container:dae543a1ed7ecfea4079a971dc7805a6",
                    "urn": "urn:li:container:dae543a1ed7ecfea4079a971dc7805a6"
                }
            ]
        }
    },
    "systemMetadata": {
        "lastObserved": 1615443388097,
        "runId": "table_with_string_and_array_of_struct.json",
        "lastRunId": "no-run-id-provided"
    }
},
{
    "entityType": "container",
    "entityUrn": "urn:li:container:1b996eaf75c86d26be0ff469b332e89b",
    "changeType": "UPSERT",
    "aspectName": "browsePathsV2",
    "aspect": {
        "json": {
            "path": [
                {
                    "id": "urn:li:container:bdfaaacd66870755e65612e0b88dd4bf",
                    "urn": "urn:li:container:bdfaaacd66870755e65612e0b88dd4bf"
                },
                {
                    "id": "urn:li:container:974a39dc631803eddedc699cc9bb9759",
                    "urn": "urn:li:container:974a39dc631803eddedc699cc9bb9759"
                },
                {
                    "id": "urn:li:container:dae543a1ed7ecfea4079a971dc7805a6",
                    "urn": "urn:li:container:dae543a1ed7ecfea4079a971dc7805a6"
                },
                {
                    "id": "urn:li:container:ee050cda8eca59687021c24cbc0bb8a4",
                    "urn": "urn:li:container:ee050cda8eca59687021c24cbc0bb8a4"
                }
            ]
        }
    },
    "systemMetadata": {
        "lastObserved": 1615443388097,
        "runId": "table_with_string_and_array_of_struct.json",
        "lastRunId": "no-run-id-provided"
    }
},
{
    "entityType": "dataset",
    "entityUrn": "urn:li:dataset:(urn:li:dataPlatform:delta-lake,tests/integration/delta_lake/test_data/delta_tables_nested_datatype/table_with_string_and_array_of_struct,UAT)",
    "changeType": "UPSERT",
    "aspectName": "browsePathsV2",
    "aspect": {
        "json": {
            "path": [
                {
                    "id": "urn:li:container:bdfaaacd66870755e65612e0b88dd4bf",
                    "urn": "urn:li:container:bdfaaacd66870755e65612e0b88dd4bf"
                },
                {
                    "id": "urn:li:container:974a39dc631803eddedc699cc9bb9759",
                    "urn": "urn:li:container:974a39dc631803eddedc699cc9bb9759"
                },
                {
                    "id": "urn:li:container:dae543a1ed7ecfea4079a971dc7805a6",
                    "urn": "urn:li:container:dae543a1ed7ecfea4079a971dc7805a6"
                },
                {
                    "id": "urn:li:container:ee050cda8eca59687021c24cbc0bb8a4",
                    "urn": "urn:li:container:ee050cda8eca59687021c24cbc0bb8a4"
                },
                {
                    "id": "urn:li:container:1b996eaf75c86d26be0ff469b332e89b",
                    "urn": "urn:li:container:1b996eaf75c86d26be0ff469b332e89b"
                }
            ]
        }
    },
    "systemMetadata": {
        "lastObserved": 1615443388097,
        "runId": "table_with_string_and_array_of_struct.json",
        "lastRunId": "no-run-id-provided"
    }
}
]